Archive member included because of file (symbol)

/usr/lib/gcc/avr/4.5.3/../../../avr/lib/avr5/libm.a(addsf3.o)
                              motion_control.o (__subsf3)
/usr/lib/gcc/avr/4.5.3/../../../avr/lib/avr5/libm.a(addsf3x.o)
                              /usr/lib/gcc/avr/4.5.3/../../../avr/lib/avr5/libm.a(addsf3.o) (__addsf3x)
/usr/lib/gcc/avr/4.5.3/../../../avr/lib/avr5/libm.a(atan2.o)
                              motion_control.o (atan2)
/usr/lib/gcc/avr/4.5.3/../../../avr/lib/avr5/libm.a(atan.o)
                              /usr/lib/gcc/avr/4.5.3/../../../avr/lib/avr5/libm.a(atan2.o) (atan)
/usr/lib/gcc/avr/4.5.3/../../../avr/lib/avr5/libm.a(ceil.o)
                              planner.o (ceil)
/usr/lib/gcc/avr/4.5.3/../../../avr/lib/avr5/libm.a(cmpsf2.o)
                              motion_control.o (__eqsf2)
/usr/lib/gcc/avr/4.5.3/../../../avr/lib/avr5/libm.a(cos.o)
                              motion_control.o (cos)
/usr/lib/gcc/avr/4.5.3/../../../avr/lib/avr5/libm.a(divsf3.o)
                              motion_control.o (__divsf3)
/usr/lib/gcc/avr/4.5.3/../../../avr/lib/avr5/libm.a(divsf3x.o)
                              /usr/lib/gcc/avr/4.5.3/../../../avr/lib/avr5/libm.a(divsf3.o) (__divsf3x)
/usr/lib/gcc/avr/4.5.3/../../../avr/lib/avr5/libm.a(fixsfsi.o)
                              gcode.o (__fixsfsi)
/usr/lib/gcc/avr/4.5.3/../../../avr/lib/avr5/libm.a(fixunssfsi.o)
                              motion_control.o (__fixunssfsi)
/usr/lib/gcc/avr/4.5.3/../../../avr/lib/avr5/libm.a(floatsisf.o)
                              motion_control.o (__floatunsisf)
/usr/lib/gcc/avr/4.5.3/../../../avr/lib/avr5/libm.a(floor.o)
                              motion_control.o (floor)
/usr/lib/gcc/avr/4.5.3/../../../avr/lib/avr5/libm.a(fp_cmp.o)
                              /usr/lib/gcc/avr/4.5.3/../../../avr/lib/avr5/libm.a(cmpsf2.o) (__fp_cmp)
/usr/lib/gcc/avr/4.5.3/../../../avr/lib/avr5/libm.a(fp_inf.o)
                              /usr/lib/gcc/avr/4.5.3/../../../avr/lib/avr5/libm.a(addsf3x.o) (__fp_inf)
/usr/lib/gcc/avr/4.5.3/../../../avr/lib/avr5/libm.a(fp_mintl.o)
                              /usr/lib/gcc/avr/4.5.3/../../../avr/lib/avr5/libm.a(ceil.o) (__fp_mintl)
/usr/lib/gcc/avr/4.5.3/../../../avr/lib/avr5/libm.a(fp_mpack.o)
                              /usr/lib/gcc/avr/4.5.3/../../../avr/lib/avr5/libm.a(ceil.o) (__fp_mpack)
/usr/lib/gcc/avr/4.5.3/../../../avr/lib/avr5/libm.a(fp_nan.o)
                              /usr/lib/gcc/avr/4.5.3/../../../avr/lib/avr5/libm.a(addsf3x.o) (__fp_nan)
/usr/lib/gcc/avr/4.5.3/../../../avr/lib/avr5/libm.a(fp_powser.o)
                              /usr/lib/gcc/avr/4.5.3/../../../avr/lib/avr5/libm.a(atan.o) (__fp_powser)
/usr/lib/gcc/avr/4.5.3/../../../avr/lib/avr5/libm.a(fp_pscA.o)
                              /usr/lib/gcc/avr/4.5.3/../../../avr/lib/avr5/libm.a(addsf3x.o) (__fp_pscA)
/usr/lib/gcc/avr/4.5.3/../../../avr/lib/avr5/libm.a(fp_pscB.o)
                              /usr/lib/gcc/avr/4.5.3/../../../avr/lib/avr5/libm.a(addsf3x.o) (__fp_pscB)
/usr/lib/gcc/avr/4.5.3/../../../avr/lib/avr5/libm.a(fp_rempio2.o)
                              /usr/lib/gcc/avr/4.5.3/../../../avr/lib/avr5/libm.a(cos.o) (__fp_rempio2)
/usr/lib/gcc/avr/4.5.3/../../../avr/lib/avr5/libm.a(fp_round.o)
                              /usr/lib/gcc/avr/4.5.3/../../../avr/lib/avr5/libm.a(addsf3.o) (__fp_round)
/usr/lib/gcc/avr/4.5.3/../../../avr/lib/avr5/libm.a(fp_sinus.o)
                              /usr/lib/gcc/avr/4.5.3/../../../avr/lib/avr5/libm.a(cos.o) (__fp_sinus)
/usr/lib/gcc/avr/4.5.3/../../../avr/lib/avr5/libm.a(fp_split3.o)
                              /usr/lib/gcc/avr/4.5.3/../../../avr/lib/avr5/libm.a(addsf3x.o) (__fp_split3)
/usr/lib/gcc/avr/4.5.3/../../../avr/lib/avr5/libm.a(fp_trunc.o)
                              /usr/lib/gcc/avr/4.5.3/../../../avr/lib/avr5/libm.a(ceil.o) (__fp_trunc)
/usr/lib/gcc/avr/4.5.3/../../../avr/lib/avr5/libm.a(fp_zero.o)
                              /usr/lib/gcc/avr/4.5.3/../../../avr/lib/avr5/libm.a(addsf3x.o) (__fp_zero)
/usr/lib/gcc/avr/4.5.3/../../../avr/lib/avr5/libm.a(gesf2.o)
                              planner.o (__gtsf2)
/usr/lib/gcc/avr/4.5.3/../../../avr/lib/avr5/libm.a(hypot.o)
                              motion_control.o (hypot)
/usr/lib/gcc/avr/4.5.3/../../../avr/lib/avr5/libm.a(inverse.o)
                              /usr/lib/gcc/avr/4.5.3/../../../avr/lib/avr5/libm.a(atan.o) (inverse)
/usr/lib/gcc/avr/4.5.3/../../../avr/lib/avr5/libm.a(ldexp.o)
                              /usr/lib/gcc/avr/4.5.3/../../../avr/lib/avr5/libm.a(hypot.o) (ldexp)
/usr/lib/gcc/avr/4.5.3/../../../avr/lib/avr5/libm.a(lround.o)
                              planner.o (lround)
/usr/lib/gcc/avr/4.5.3/../../../avr/lib/avr5/libm.a(mulsf3.o)
                              motion_control.o (__mulsf3)
/usr/lib/gcc/avr/4.5.3/../../../avr/lib/avr5/libm.a(mulsf3x.o)
[...]
Memory Configuration

Name             Origin             Length             Attributes
text             0x0000000000000000 0x0000000000020000 xr
data             0x0000000000800060 0x000000000000ffa0 rw !x
eeprom           0x0000000000810000 0x0000000000010000 rw !x
fuse             0x0000000000820000 0x0000000000000400 rw !x
lock             0x0000000000830000 0x0000000000000400 rw !x
signature        0x0000000000840000 0x0000000000000400 rw !x
*default*        0x0000000000000000 0xffffffffffffffff

Linker script and memory map

Address of section .data set to 0x800100
LOAD /usr/lib/gcc/avr/4.5.3/../../../avr/lib/avr5/crtm32u4.o
LOAD /usr/lib/gcc/avr/4.5.3/../../../avr/lib/avr5/libm.a
LOAD main.o
LOAD motion_control.o
LOAD gcode.o
LOAD spindle_control.o
LOAD serial.o
LOAD protocol.o
LOAD stepper.o
LOAD eeprom.o
LOAD settings.o
LOAD planner.o
LOAD nuts_bolts.o
LOAD limits.o
LOAD print.o
LOAD config/Descriptors.o
LOAD deps/LUFA/Drivers/USB/Core/AVR8/Device_AVR8.o
LOAD deps/LUFA/Drivers/USB/Core/AVR8/Endpoint_AVR8.o
LOAD deps/LUFA/Drivers/USB/Core/AVR8/Host_AVR8.o
LOAD deps/LUFA/Drivers/USB/Core/AVR8/Pipe_AVR8.o
LOAD deps/LUFA/Drivers/USB/Core/AVR8/USBController_AVR8.o
LOAD deps/LUFA/Drivers/USB/Core/AVR8/USBInterrupt_AVR8.o
LOAD deps/LUFA/Drivers/USB/Core/AVR8/EndpointStream_AVR8.o
LOAD deps/LUFA/Drivers/USB/Core/AVR8/PipeStream_AVR8.o
LOAD deps/LUFA/Drivers/USB/Core/ConfigDescriptors.o
LOAD deps/LUFA/Drivers/USB/Core/DeviceStandardReq.o
LOAD deps/LUFA/Drivers/USB/Core/Events.o
LOAD deps/LUFA/Drivers/USB/Core/HostStandardReq.o
LOAD deps/LUFA/Drivers/USB/Core/USBTask.o
LOAD deps/LUFA/Drivers/USB/Class/Common/HIDParser.o
LOAD deps/LUFA/Drivers/USB/Class/Device/AudioClassDevice.o
LOAD deps/LUFA/Drivers/USB/Class/Device/CDCClassDevice.o
LOAD deps/LUFA/Drivers/USB/Class/Device/HIDClassDevice.o
LOAD deps/LUFA/Drivers/USB/Class/Device/MassStorageClassDevice.o
LOAD deps/LUFA/Drivers/USB/Class/Device/MIDIClassDevice.o
LOAD deps/LUFA/Drivers/USB/Class/Device/RNDISClassDevice.o
LOAD deps/LUFA/Drivers/USB/Class/Host/AndroidAccessoryClassHost.o
LOAD deps/LUFA/Drivers/USB/Class/Host/AudioClassHost.o
LOAD deps/LUFA/Drivers/USB/Class/Host/CDCClassHost.o
LOAD deps/LUFA/Drivers/USB/Class/Host/HIDClassHost.o
LOAD deps/LUFA/Drivers/USB/Class/Host/MassStorageClassHost.o
LOAD deps/LUFA/Drivers/USB/Class/Host/MIDIClassHost.o
LOAD deps/LUFA/Drivers/USB/Class/Host/PrinterClassHost.o
LOAD deps/LUFA/Drivers/USB/Class/Host/RNDISClassHost.o
LOAD deps/LUFA/Drivers/USB/Class/Host/StillImageClassHost.o
LOAD /usr/lib/gcc/avr/4.5.3/../../../avr/lib/avr5/libm.a
LOAD /usr/lib/gcc/avr/4.5.3/avr5/libgcc.a
LOAD /usr/lib/gcc/avr/4.5.3/../../../avr/lib/avr5/libc.a
LOAD /usr/lib/gcc/avr/4.5.3/avr5/libgcc.a

.hash
 *(.hash)

.dynsym
 *(.dynsym)

.dynstr
 *(.dynstr)

.gnu.version
 *(.gnu.version)

.gnu.version_d
 *(.gnu.version_d)

.gnu.version_r
 *(.gnu.version_r)

.rel.init
 *(.rel.init)

.rela.init
 *(.rela.init)

.rel.text
 *(.rel.text)
 *(.rel.text.*)
 *(.rel.gnu.linkonce.t*)

.rela.text
 *(.rela.text)
 *(.rela.text.*)
 *(.rela.gnu.linkonce.t*)

.rel.fini
 *(.rel.fini)

.rela.fini
 *(.rela.fini)

.rel.rodata
 *(.rel.rodata)
 *(.rel.rodata.*)
 *(.rel.gnu.linkonce.r*)

.rela.rodata
 *(.rela.rodata)
 *(.rela.rodata.*)
 *(.rela.gnu.linkonce.r*)

.rel.data
 *(.rel.data)
 *(.rel.data.*)
 *(.rel.gnu.linkonce.d*)

.rela.data
 *(.rela.data)
 *(.rela.data.*)
 *(.rela.gnu.linkonce.d*)

.rel.ctors
 *(.rel.ctors)

.rela.ctors
 *(.rela.ctors)

.rel.dtors
 *(.rel.dtors)

.rela.dtors
 *(.rela.dtors)

.rel.got
 *(.rel.got)

.rela.got
 *(.rela.got)

.rel.bss
 *(.rel.bss)

.rela.bss
 *(.rela.bss)

.rel.plt
 *(.rel.plt)

.rela.plt
 *(.rela.plt)

.text           0x0000000000000000     0x619e
 *(.vectors)
 .vectors       0x0000000000000000       0xac /usr/lib/gcc/avr/4.5.3/../../../avr/lib/avr5/crtm32u4.o
                0x0000000000000000                __vectors
                0x0000000000000000                __vector_default
 *(.vectors)
 *(.progmem.gcc*)
 .progmem.gcc_fplib
                0x00000000000000ac       0x2d /usr/lib/gcc/avr/4.5.3/../../../avr/lib/avr5/libm.a(atan.o)
 .progmem.gcc_fplib
                0x00000000000000d9       0x1e /usr/lib/gcc/avr/4.5.3/../../../avr/lib/avr5/libm.a(fp_sinus.o)
 *(.progmem*)
 .progmem.data  0x00000000000000f7       0x29 serial.o
 .progmem.data  0x0000000000000120       0xc4 protocol.o
 .progmem.data  0x00000000000001e4      0x224 settings.o
 .progmem.data  0x0000000000000408       0x8c config/Descriptors.o
                0x0000000000000408                DeviceDescriptor
                0x000000000000041a                ConfigurationDescriptor
                0x0000000000000458                LanguageString
                0x000000000000045c                ManufacturerString
                0x0000000000000476                ProductString
 .progmem.data  0x0000000000000494       0x3b /usr/lib/gcc/avr/4.5.3/../../../avr/lib/avr5/libc.a(strtod.o)
                0x00000000000004d0                . = ALIGN (0x2)
 *fill*         0x00000000000004cf        0x1 00
                0x00000000000004d0                __trampolines_start = .
 *(.trampolines)
 .trampolines   0x00000000000004d0        0x0 linker stubs
 *(.trampolines*)
                0x00000000000004d0                __trampolines_end = .
 *(.jumptables)
 *(.jumptables*)
 *(.lowtext)
 *(.lowtext*)
                0x00000000000004d0                __ctors_start = .
 *(.ctors)
                0x00000000000004d0                __ctors_end = .
                0x00000000000004d0                __dtors_start = .
 *(.dtors)
                0x00000000000004d0                __dtors_end = .
 SORT(*)(.ctors)
 SORT(*)(.dtors)
 *(.init0)
 .init0         0x00000000000004d0        0x0 /usr/lib/gcc/avr/4.5.3/../../../avr/lib/avr5/crtm32u4.o
                0x00000000000004d0                __init
 *(.init0)
 *(.init1)
 *(.init1)
 *(.init2)
 .init2         0x00000000000004d0        0xc /usr/lib/gcc/avr/4.5.3/../../../avr/lib/avr5/crtm32u4.o
 *(.init2)
 *(.init3)
 *(.init3)
 *(.init4)
 .init4         0x00000000000004dc       0x16 /usr/lib/gcc/avr/4.5.3/avr5/libgcc.a(_copy_data.o)
                0x00000000000004dc                __do_copy_data
 .init4         0x00000000000004f2       0x10 /usr/lib/gcc/avr/4.5.3/avr5/libgcc.a(_clear_bss.o)
                0x00000000000004f2                __do_clear_bss
 *(.init4)
 *(.init5)
 *(.init5)
 *(.init6)
 *(.init6)
 *(.init7)
 *(.init7)
 *(.init8)
 *(.init8)
 *(.init9)
 .init9         0x0000000000000502        0x6 /usr/lib/gcc/avr/4.5.3/../../../avr/lib/avr5/crtm32u4.o
 *(.init9)
 *(.text)
 .text          0x0000000000000508        0x2 /usr/lib/gcc/avr/4.5.3/../../../avr/lib/avr5/crtm32u4.o
                0x0000000000000508                __vector_38
                0x0000000000000508                __vector_22
                0x0000000000000508                __vector_28
                0x0000000000000508                __vector_1
                0x0000000000000508                __vector_32
                0x0000000000000508                __vector_34
                0x0000000000000508                __vector_24
                0x0000000000000508                __vector_12
                0x0000000000000508                __bad_interrupt
                0x0000000000000508                __vector_6
                0x0000000000000508                __vector_31
                0x0000000000000508                __vector_39
                0x0000000000000508                __vector_3
                0x0000000000000508                __vector_23
                0x0000000000000508                __vector_30
                0x0000000000000508                __vector_25
                0x0000000000000508                __vector_13
                0x0000000000000508                __vector_19
                0x0000000000000508                __vector_7
                0x0000000000000508                __vector_41
                0x0000000000000508                __vector_27
                0x0000000000000508                __vector_5
                0x0000000000000508                __vector_33
                0x0000000000000508                __vector_37
                0x0000000000000508                __vector_4
                0x0000000000000508                __vector_9
                0x0000000000000508                __vector_2
                0x0000000000000508                __vector_21
                0x0000000000000508                __vector_15
                0x0000000000000508                __vector_36
                0x0000000000000508                __vector_29
                0x0000000000000508                __vector_40
                0x0000000000000508                __vector_8
                0x0000000000000508                __vector_26
                0x0000000000000508                __vector_14
                0x0000000000000508                __vector_16
                0x0000000000000508                __vector_18
                0x0000000000000508                __vector_20
                0x0000000000000508                __vector_42
                0x000000000000050a                . = ALIGN (0x2)
 *(.text.*)
 .text.main     0x000000000000050a      0x132 main.o
                0x000000000000050a                main
 .text.mc_line  0x000000000000063c       0x8a motion_control.o
                0x000000000000063c                mc_line
 .text.mc_arc   0x00000000000006c6      0x6d2 motion_control.o
                0x00000000000006c6                mc_arc
 .text.mc_dwell
                0x0000000000000d98       0xa8 motion_control.o
                0x0000000000000d98                mc_dwell
 .text.mc_go_home
                0x0000000000000e40       0x2c motion_control.o
                0x0000000000000e40                mc_go_home
 .text.select_plane
                0x0000000000000e6c        0xe gcode.o
 .text.to_millimeters
                0x0000000000000e7a       0x16 gcode.o
 .text.next_statement
                0x0000000000000e90       0x5a gcode.o
 .text.gc_init  0x0000000000000eea       0x3e gcode.o
                0x0000000000000eea                gc_init
 .text.gc_set_current_position
                0x0000000000000f28       0xa6 gcode.o
                0x0000000000000f28                gc_set_current_position
 .text.gc_execute_line
                0x0000000000000fce      0xe58 gcode.o
                0x0000000000000fce                gc_execute_line
 .text.spindle_stop
                0x0000000000001e26        0x6 spindle_control.o
                0x0000000000001e26                spindle_stop
 .text.spindle_init
                0x0000000000001e2c        0xe spindle_control.o
                0x0000000000001e2c                spindle_init
 .text.spindle_run
                0x0000000000001e3a       0x30 spindle_control.o
                0x0000000000001e3a                spindle_run
 .text.serial_init
                0x0000000000001e6a       0x3c serial.o
                0x0000000000001e6a                serial_init
 .text.serial_tick
                0x0000000000001ea6       0x6e serial.o
                0x0000000000001ea6                serial_tick
 .text.serial_write
                0x0000000000001f14        0xa serial.o
                0x0000000000001f14                serial_write
 .text.serial_reset_read_buffer
                0x0000000000001f1e        0x8 serial.o
                0x0000000000001f1e                serial_reset_read_buffer
 .text.EVENT_USB_Device_ConfigurationChanged
                0x0000000000001f26        0x8 serial.o
                0x0000000000001f26                EVENT_USB_Device_ConfigurationChanged
 .text.EVENT_USB_Device_ControlRequest
                0x0000000000001f2e        0x8 serial.o
                0x0000000000001f2e                EVENT_USB_Device_ControlRequest
 .text.EVENT_CDC_Device_ControLineStateChanged
                0x0000000000001f36       0x10 serial.o
                0x0000000000001f36                EVENT_CDC_Device_ControLineStateChanged
 .text.status_message
                0x0000000000001f46       0x8c protocol.o
 .text.protocol_status_report
                0x0000000000001fd2      0x206 protocol.o
                0x0000000000001fd2                protocol_status_report
 .text.protocol_init
                0x00000000000021d8       0x1a protocol.o
                0x00000000000021d8                protocol_init
 .text.protocol_execute_runtime
                0x00000000000021f2       0x64 protocol.o
                0x00000000000021f2                protocol_execute_runtime
 .text.protocol_execute_line
                0x0000000000002256       0x58 protocol.o
                0x0000000000002256                protocol_execute_line
 .text.protocol_process
                0x00000000000022ae       0x94 protocol.o
                0x00000000000022ae                protocol_process
 .text.iterate_trapezoid_cycle_counter
                0x0000000000002342       0x68 stepper.o
 .text.set_step_events_per_minute
                0x00000000000023aa       0xca stepper.o
 .text.st_go_idle
                0x0000000000002474       0x20 stepper.o
                0x0000000000002474                st_go_idle
 .text.__vector_17
                0x0000000000002494      0x588 stepper.o
                0x0000000000002494                __vector_17
 .text.__vector_35
                0x0000000000002a1c       0x2e stepper.o
                0x0000000000002a1c                __vector_35
 .text.st_reset
                0x0000000000002a4a       0x26 stepper.o
                0x0000000000002a4a                st_reset
 .text.st_init  0x0000000000002a70       0x54 stepper.o
                0x0000000000002a70                st_init
 .text.st_cycle_start
                0x0000000000002ac4       0x3a stepper.o
                0x0000000000002ac4                st_cycle_start
 .text.st_feed_hold
                0x0000000000002afe       0x1c stepper.o
                0x0000000000002afe                st_feed_hold
 .text.st_cycle_reinitialize
                0x0000000000002b1a       0x76 stepper.o
                0x0000000000002b1a                st_cycle_reinitialize
 .text.eeprom_get_char
                0x0000000000002b90       0x10 eeprom.o
                0x0000000000002b90                eeprom_get_char
 .text.eeprom_put_char
                0x0000000000002ba0       0x36 eeprom.o
                0x0000000000002ba0                eeprom_put_char
 .text.memcpy_to_eeprom_with_checksum
                0x0000000000002bd6       0x8a eeprom.o
                0x0000000000002bd6                memcpy_to_eeprom_with_checksum
 .text.memcpy_from_eeprom_with_checksum
                0x0000000000002c60       0x8c eeprom.o
                0x0000000000002c60                memcpy_from_eeprom_with_checksum
 .text.settings_reset
                0x0000000000002cec       0xb6 settings.o
                0x0000000000002cec                settings_reset
 .text.settings_dump
                0x0000000000002da2      0x138 settings.o
                0x0000000000002da2                settings_dump
 .text.write_settings
                0x0000000000002eda       0x16 settings.o
                0x0000000000002eda                write_settings
 .text.read_settings
                0x0000000000002ef0       0xe4 settings.o
                0x0000000000002ef0                read_settings
 .text.settings_store_setting
                0x0000000000002fd4      0x15a settings.o
                0x0000000000002fd4                settings_store_setting
 .text.settings_execute_line
                0x000000000000312e       0xbe settings.o
                0x000000000000312e                settings_execute_line
 .text.settings_init
                0x00000000000031ec       0x16 settings.o
                0x00000000000031ec                settings_init
 .text.next_block_index
                0x0000000000003202        0xa planner.o
 .text.estimate_acceleration_distance
                0x000000000000320c       0x76 planner.o
 .text.max_allowable_speed
                0x0000000000003282       0x66 planner.o
 .text.calculate_trapezoid_for_block
                0x00000000000032e8      0x28a planner.o
 .text.planner_forward_pass_kernel.clone.1
                0x0000000000003572       0xf8 planner.o
 .text.planner_recalculate
                0x000000000000366a      0x264 planner.o
 .text.plan_reset_buffer
                0x00000000000038ce       0x14 planner.o
                0x00000000000038ce                plan_reset_buffer
 .text.plan_init
                0x00000000000038e2       0x12 planner.o
                0x00000000000038e2                plan_init
 .text.plan_discard_current_block
                0x00000000000038f4       0x18 planner.o
                0x00000000000038f4                plan_discard_current_block
 .text.plan_get_current_block
                0x000000000000390c       0x32 planner.o
                0x000000000000390c                plan_get_current_block
 .text.plan_check_full_buffer
                0x000000000000393e       0x10 planner.o
                0x000000000000393e                plan_check_full_buffer
 .text.plan_synchronize
                0x000000000000394e       0x1e planner.o
                0x000000000000394e                plan_synchronize
 .text.plan_buffer_line
                0x000000000000396c      0x8d0 planner.o
                0x000000000000396c                plan_buffer_line
 .text.plan_set_current_position
                0x000000000000423c       0x42 planner.o
                0x000000000000423c                plan_set_current_position
 .text.plan_cycle_reinitialize
                0x000000000000427e       0xa8 planner.o
                0x000000000000427e                plan_cycle_reinitialize
 .text.read_double
                0x0000000000004326       0x76 nuts_bolts.o
                0x0000000000004326                read_double
 .text.delay_ms
                0x000000000000439c       0x16 nuts_bolts.o
                0x000000000000439c                delay_ms
 .text.homing_cycle
                0x00000000000043b2       0x36 limits.o
 .text.approach_limit_switch
                0x00000000000043e8       0x24 limits.o
 .text.limits_init
                0x000000000000440c        0x6 limits.o
                0x000000000000440c                limits_init
 .text.limits_go_home
                0x0000000000004412       0x40 limits.o
                0x0000000000004412                limits_go_home
 .text.print_uint32_base10
                0x0000000000004452       0xa8 print.o
 .text.printString
                0x00000000000044fa       0x28 print.o
                0x00000000000044fa                printString
 .text.printPgmString
                0x0000000000004522       0x1c print.o
                0x0000000000004522                printPgmString
 .text.print_uint8_base2
                0x000000000000453e       0x68 print.o
                0x000000000000453e                print_uint8_base2
 .text.printInteger
                0x00000000000045a6       0x36 print.o
                0x00000000000045a6                printInteger
 .text.printFloat
                0x00000000000045dc       0xea print.o
                0x00000000000045dc                printFloat
 .text.CALLBACK_USB_GetDescriptor
                0x00000000000046c6       0x5a config/Descriptors.o
                0x00000000000046c6                CALLBACK_USB_GetDescriptor
 .text.Endpoint_ConfigureEndpoint_Prv
                0x0000000000004720       0x6e deps/LUFA/Drivers/USB/Core/AVR8/Endpoint_AVR8.o
                0x0000000000004720                Endpoint_ConfigureEndpoint_Prv
 .text.Endpoint_ConfigureEndpointTable
                0x000000000000478e       0x88 deps/LUFA/Drivers/USB/Core/AVR8/Endpoint_AVR8.o
                0x000000000000478e                Endpoint_ConfigureEndpointTable
 .text.Endpoint_ClearStatusStage
                0x0000000000004816       0x42 deps/LUFA/Drivers/USB/Core/AVR8/Endpoint_AVR8.o
                0x0000000000004816                Endpoint_ClearStatusStage
 .text.Endpoint_WaitUntilReady
                0x0000000000004858       0x68 deps/LUFA/Drivers/USB/Core/AVR8/Endpoint_AVR8.o
                0x0000000000004858                Endpoint_WaitUntilReady
 .text.USB_ResetInterface
                0x00000000000048c0       0x80 deps/LUFA/Drivers/USB/Core/AVR8/USBController_AVR8.o
                0x00000000000048c0                USB_ResetInterface
 .text.USB_Init
                0x0000000000004940       0x20 deps/LUFA/Drivers/USB/Core/AVR8/USBController_AVR8.o
                0x0000000000004940                USB_Init
 .text.USB_INT_DisableAllInterrupts
                0x0000000000004960       0x10 deps/LUFA/Drivers/USB/Core/AVR8/USBInterrupt_AVR8.o
                0x0000000000004960                USB_INT_DisableAllInterrupts
 .text.USB_INT_ClearAllInterrupts
                0x0000000000004970        0xa deps/LUFA/Drivers/USB/Core/AVR8/USBInterrupt_AVR8.o
                0x0000000000004970                USB_INT_ClearAllInterrupts
 .text.__vector_10
                0x000000000000497a      0x192 deps/LUFA/Drivers/USB/Core/AVR8/USBInterrupt_AVR8.o
                0x000000000000497a                __vector_10
 .text.__vector_11
                0x0000000000004b0c       0x76 deps/LUFA/Drivers/USB/Core/AVR8/USBInterrupt_AVR8.o
                0x0000000000004b0c                __vector_11
 .text.Endpoint_Write_Control_Stream_LE
                0x0000000000004b82       0xc6 deps/LUFA/Drivers/USB/Core/AVR8/EndpointStream_AVR8.o
                0x0000000000004b82                Endpoint_Write_Control_Stream_LE
 .text.Endpoint_Write_Control_PStream_LE
                0x0000000000004c48       0xc8 deps/LUFA/Drivers/USB/Core/AVR8/EndpointStream_AVR8.o
                0x0000000000004c48                Endpoint_Write_Control_PStream_LE
 .text.USB_Device_ProcessControlRequest
                0x0000000000004d10      0x2d0 deps/LUFA/Drivers/USB/Core/DeviceStandardReq.o
                0x0000000000004d10                USB_Device_ProcessControlRequest
 .text.USB_Event_Stub
                0x0000000000004fe0        0x2 deps/LUFA/Drivers/USB/Core/Events.o
                0x0000000000004fe0                EVENT_USB_Device_Connect
                0x0000000000004fe0                EVENT_USB_Device_WakeUp
                0x0000000000004fe0                USB_Event_Stub
                0x0000000000004fe0                EVENT_USB_Device_Suspend
                0x0000000000004fe0                EVENT_USB_Device_StartOfFrame
                0x0000000000004fe0                EVENT_USB_Device_Disconnect
                0x0000000000004fe0                EVENT_USB_Device_Reset
 .text.USB_USBTask
                0x0000000000004fe2       0x38 deps/LUFA/Drivers/USB/Core/USBTask.o
                0x0000000000004fe2                USB_USBTask
 .text.CDC_Device_ProcessControlRequest
                0x000000000000501a      0x15c deps/LUFA/Drivers/USB/Class/Device/CDCClassDevice.o
                0x000000000000501a                CDC_Device_ProcessControlRequest
 .text.CDC_Device_ConfigureEndpoints
                0x0000000000005176       0x48 deps/LUFA/Drivers/USB/Class/Device/CDCClassDevice.o
                0x0000000000005176                CDC_Device_ConfigureEndpoints
 .text.CDC_Device_SendByte
                0x00000000000051be       0x5c deps/LUFA/Drivers/USB/Class/Device/CDCClassDevice.o
                0x00000000000051be                CDC_Device_SendByte
 .text.CDC_Device_putchar
                0x000000000000521a       0x1e deps/LUFA/Drivers/USB/Class/Device/CDCClassDevice.o
 .text.CDC_Device_Flush
                0x0000000000005238       0x6a deps/LUFA/Drivers/USB/Class/Device/CDCClassDevice.o
                0x0000000000005238                CDC_Device_Flush
 .text.CDC_Device_USBTask
                0x00000000000052a2       0x30 deps/LUFA/Drivers/USB/Class/Device/CDCClassDevice.o
                0x00000000000052a2                CDC_Device_USBTask
 .text.CDC_Device_BytesReceived
                0x00000000000052d2       0x6a deps/LUFA/Drivers/USB/Class/Device/CDCClassDevice.o
                0x00000000000052d2                CDC_Device_BytesReceived
 .text.CDC_Device_ReceiveByte
                0x000000000000533c       0x78 deps/LUFA/Drivers/USB/Class/Device/CDCClassDevice.o
                0x000000000000533c                CDC_Device_ReceiveByte
 .text.CDC_Device_getchar
                0x00000000000053b4       0x16 deps/LUFA/Drivers/USB/Class/Device/CDCClassDevice.o
 .text.CDC_Device_CreateStream
                0x00000000000053ca       0x26 deps/LUFA/Drivers/USB/Class/Device/CDCClassDevice.o
                0x00000000000053ca                CDC_Device_CreateStream
 .text.CDC_Device_Event_Stub
                0x00000000000053f0        0x2 deps/LUFA/Drivers/USB/Class/Device/CDCClassDevice.o
                0x00000000000053f0                EVENT_CDC_Device_LineEncodingChanged
                0x00000000000053f0                EVENT_CDC_Device_BreakSent
                0x00000000000053f0                CDC_Device_Event_Stub
 .text.avr-libc.fplib
                0x00000000000053f2        0xa /usr/lib/gcc/avr/4.5.3/../../../avr/lib/avr5/libm.a(addsf3.o)
                0x00000000000053f2                __subsf3
                0x00000000000053f4                __addsf3
 .text.avr-libc.fplib
                0x00000000000053fc       0xc0 /usr/lib/gcc/avr/4.5.3/../../../avr/lib/avr5/libm.a(addsf3x.o)
                0x0000000000005416                __addsf3x
 .text.avr-libc.fplib
                0x00000000000054bc       0x74 /usr/lib/gcc/avr/4.5.3/../../../avr/lib/avr5/libm.a(atan2.o)
                0x00000000000054da                atan2
 .text.avr-libc.fplib
                0x0000000000005530       0x50 /usr/lib/gcc/avr/4.5.3/../../../avr/lib/avr5/libm.a(atan.o)
                0x0000000000005530                atan
 .text.avr-libc.fplib
                0x0000000000005580       0x26 /usr/lib/gcc/avr/4.5.3/../../../avr/lib/avr5/libm.a(ceil.o)
                0x0000000000005580                ceil
 .text.avr-libc.fplib
                0x00000000000055a6        0x8 /usr/lib/gcc/avr/4.5.3/../../../avr/lib/avr5/libm.a(cmpsf2.o)
                0x00000000000055a6                __lesf2
                0x00000000000055a6                __nesf2
                0x00000000000055a6                __eqsf2
                0x00000000000055a6                __cmpsf2
                0x00000000000055a6                __ltsf2
 .text.avr-libc.fplib
                0x00000000000055ae        0x6 /usr/lib/gcc/avr/4.5.3/../../../avr/lib/avr5/libm.a(cos.o)
                0x00000000000055ae                cos
 .text.avr-libc.fplib
                0x00000000000055b4        0x4 /usr/lib/gcc/avr/4.5.3/../../../avr/lib/avr5/libm.a(divsf3.o)
                0x00000000000055b4                __divsf3
 .text.avr-libc.fplib
                0x00000000000055b8       0xcc /usr/lib/gcc/avr/4.5.3/../../../avr/lib/avr5/libm.a(divsf3x.o)
                0x00000000000055ce                __divsf3x
                0x00000000000055d2                __divsf3_pse
 .text.avr-libc.fplib
                0x0000000000005684        0xa /usr/lib/gcc/avr/4.5.3/../../../avr/lib/avr5/libm.a(fixsfsi.o)
                0x0000000000005684                __fixsfsi
 .text.avr-libc.fplib
                0x000000000000568e       0x58 /usr/lib/gcc/avr/4.5.3/../../../avr/lib/avr5/libm.a(fixunssfsi.o)
                0x000000000000568e                __fixunssfsi
 .text.avr-libc.fplib
                0x00000000000056e6       0x7a /usr/lib/gcc/avr/4.5.3/../../../avr/lib/avr5/libm.a(floatsisf.o)
                0x00000000000056e6                __floatunsisf
                0x00000000000056ea                __floatsisf
 .text.avr-libc.fplib
                0x0000000000005760       0x26 /usr/lib/gcc/avr/4.5.3/../../../avr/lib/avr5/libm.a(floor.o)
                0x0000000000005760                floor
 .text.avr-libc.fplib
                0x0000000000005786       0x48 /usr/lib/gcc/avr/4.5.3/../../../avr/lib/avr5/libm.a(fp_cmp.o)
                0x0000000000005786                __fp_cmp
 .text.avr-libc.fplib
                0x00000000000057ce        0xc /usr/lib/gcc/avr/4.5.3/../../../avr/lib/avr5/libm.a(fp_inf.o)
                0x00000000000057ce                __fp_inf
 .text.avr-libc.fplib
                0x00000000000057da       0x36 /usr/lib/gcc/avr/4.5.3/../../../avr/lib/avr5/libm.a(fp_mintl.o)
                0x00000000000057da                __fp_mintl
 .text.avr-libc.fplib
                0x0000000000005810       0x1c /usr/lib/gcc/avr/4.5.3/../../../avr/lib/avr5/libm.a(fp_mpack.o)
                0x0000000000005810                __fp_mpack
                0x0000000000005814                __fp_mpack_finite
 .text.avr-libc.fplib
                0x000000000000582c        0x6 /usr/lib/gcc/avr/4.5.3/../../../avr/lib/avr5/libm.a(fp_nan.o)
                0x000000000000582c                __fp_nan
 .text.avr-libc.fplib
                0x0000000000005832       0x4a /usr/lib/gcc/avr/4.5.3/../../../avr/lib/avr5/libm.a(fp_powser.o)
                0x0000000000005832                __fp_powser
 .text.avr-libc.fplib
                0x000000000000587c        0xe /usr/lib/gcc/avr/4.5.3/../../../avr/lib/avr5/libm.a(fp_pscA.o)
                0x000000000000587c                __fp_pscA
 .text.avr-libc.fplib
                0x000000000000588a        0xe /usr/lib/gcc/avr/4.5.3/../../../avr/lib/avr5/libm.a(fp_pscB.o)
                0x000000000000588a                __fp_pscB
 .text.avr-libc.fplib
                0x0000000000005898       0x50 /usr/lib/gcc/avr/4.5.3/../../../avr/lib/avr5/libm.a(fp_rempio2.o)
                0x000000000000589a                __fp_rempio2
 .text.avr-libc.fplib
                0x00000000000058e8       0x22 /usr/lib/gcc/avr/4.5.3/../../../avr/lib/avr5/libm.a(fp_round.o)
                0x00000000000058e8                __fp_round
 .text.avr-libc.fplib
                0x000000000000590a       0x22 /usr/lib/gcc/avr/4.5.3/../../../avr/lib/avr5/libm.a(fp_sinus.o)
                0x000000000000590a                __fp_sinus
 .text.avr-libc.fplib
                0x000000000000592c       0x44 /usr/lib/gcc/avr/4.5.3/../../../avr/lib/avr5/libm.a(fp_split3.o)
                0x000000000000592c                __fp_split3
                0x000000000000593c                __fp_splitA
 .text.avr-libc.fplib
                0x0000000000005970       0x2e /usr/lib/gcc/avr/4.5.3/../../../avr/lib/avr5/libm.a(fp_trunc.o)
                0x0000000000005970                __fp_trunc
 .text.avr-libc.fplib
                0x000000000000599e        0xe /usr/lib/gcc/avr/4.5.3/../../../avr/lib/avr5/libm.a(fp_zero.o)
                0x000000000000599e                __fp_zero
                0x00000000000059a0                __fp_szero
 .text.avr-libc.fplib
                0x00000000000059ac        0x8 /usr/lib/gcc/avr/4.5.3/../../../avr/lib/avr5/libm.a(gesf2.o)
                0x00000000000059ac                __gtsf2
                0x00000000000059ac                __gesf2
 .text.avr-libc.fplib
                0x00000000000059b4       0xc2 /usr/lib/gcc/avr/4.5.3/../../../avr/lib/avr5/libm.a(hypot.o)
                0x00000000000059c6                hypot
 .text.avr-libc.fplib
                0x0000000000005a76        0xe /usr/lib/gcc/avr/4.5.3/../../../avr/lib/avr5/libm.a(inverse.o)
                0x0000000000005a76                inverse
 .text.avr-libc.fplib
                0x0000000000005a84       0x6c /usr/lib/gcc/avr/4.5.3/../../../avr/lib/avr5/libm.a(ldexp.o)
                0x0000000000005a88                ldexp
 .text.avr-libc.fplib
                0x0000000000005af0       0x60 /usr/lib/gcc/avr/4.5.3/../../../avr/lib/avr5/libm.a(lround.o)
                0x0000000000005af0                lround
 .text.avr-libc.fplib
                0x0000000000005b50        0x4 /usr/lib/gcc/avr/4.5.3/../../../avr/lib/avr5/libm.a(mulsf3.o)
                0x0000000000005b50                __mulsf3
 .text.avr-libc.fplib
                0x0000000000005b54       0xc2 /usr/lib/gcc/avr/4.5.3/../../../avr/lib/avr5/libm.a(mulsf3x.o)
                0x0000000000005b68                __mulsf3x
                0x0000000000005b6c                __mulsf3_pse
 .text.avr-libc.fplib
                0x0000000000005c16       0x40 /usr/lib/gcc/avr/4.5.3/../../../avr/lib/avr5/libm.a(round.o)
                0x0000000000005c16                round
 .text.avr-libc.fplib
                0x0000000000005c56        0xc /usr/lib/gcc/avr/4.5.3/../../../avr/lib/avr5/libm.a(sin.o)
                0x0000000000005c56                sin
 .text.avr-libc.fplib
                0x0000000000005c62       0x84 /usr/lib/gcc/avr/4.5.3/../../../avr/lib/avr5/libm.a(sqrt.o)
                0x0000000000005c6a                sqrt
 .text.avr-libc.fplib
                0x0000000000005ce6        0x6 /usr/lib/gcc/avr/4.5.3/../../../avr/lib/avr5/libm.a(square.o)
                0x0000000000005ce6                square
 .text.avr-libc.fplib
                0x0000000000005cec        0xe /usr/lib/gcc/avr/4.5.3/../../../avr/lib/avr5/libm.a(trunc.o)
                0x0000000000005cec                trunc
 .text.avr-libc.fplib
                0x0000000000005cfa        0x8 /usr/lib/gcc/avr/4.5.3/../../../avr/lib/avr5/libm.a(unordsf2.o)
                0x0000000000005cfa                __unordsf2
 .text.avr-libc.fplib
                0x0000000000005d02        0xe /usr/lib/gcc/avr/4.5.3/../../../avr/lib/avr5/libm.a(fp_norm2.o)
                0x0000000000005d02                __fp_norm2
 .text.avr-libc.fplib
                0x0000000000005d10       0x22 /usr/lib/gcc/avr/4.5.3/../../../avr/lib/avr5/libm.a(fp_powsodd.o)
                0x0000000000005d10                __fp_powsodd
 .text.libgcc   0x0000000000005d32       0x3e /usr/lib/gcc/avr/4.5.3/avr5/libgcc.a(_mulsi3.o)
                0x0000000000005d32                __mulsi3
 .text.libgcc   0x0000000000005d70       0x44 /usr/lib/gcc/avr/4.5.3/avr5/libgcc.a(_udivmodsi4.o)
                0x0000000000005d70                __udivmodsi4
 .text.avr-libc
                0x0000000000005db4      0x2da /usr/lib/gcc/avr/4.5.3/../../../avr/lib/avr5/libc.a(strtod.o)
                0x0000000000005db4                strtod
 .text.avr-libc
                0x000000000000608e       0x10 /usr/lib/gcc/avr/4.5.3/../../../avr/lib/avr5/libc.a(isspace.o)
                0x000000000000608e                isspace
 .text.avr-libc
                0x000000000000609e       0x30 /usr/lib/gcc/avr/4.5.3/../../../avr/lib/avr5/libc.a(strncasecmp_P.o)
                0x000000000000609e                strncasecmp_P
 .text.avr-libc
                0x00000000000060ce       0x58 /usr/lib/gcc/avr/4.5.3/../../../avr/lib/avr5/libc.a(fputc.o)
                0x00000000000060ce                fputc
 .text.avr-libc
                0x0000000000006126        0x6 /usr/lib/gcc/avr/4.5.3/../../../avr/lib/avr5/libc.a(cty_isfalse.o)
                0x0000000000006126                __ctype_isfalse
                0x000000000000612a                __ctype_istrue
 .text.libgcc   0x000000000000612c       0x38 /usr/lib/gcc/avr/4.5.3/avr5/libgcc.a(_prologue.o)
                0x000000000000612c                __prologue_saves__
 .text.libgcc   0x0000000000006164       0x36 /usr/lib/gcc/avr/4.5.3/avr5/libgcc.a(_epilogue.o)
                0x0000000000006164                __epilogue_restores__
                0x000000000000619a                . = ALIGN (0x2)
 *(.fini9)
 .fini9         0x000000000000619a        0x0 /usr/lib/gcc/avr/4.5.3/avr5/libgcc.a(_exit.o)
                0x000000000000619a                exit
                0x000000000000619a                _exit
 *(.fini9)
 *(.fini8)
 *(.fini8)
 *(.fini7)
 *(.fini7)
 *(.fini6)
 *(.fini6)
 *(.fini5)
 *(.fini5)
 *(.fini4)
 *(.fini4)
 *(.fini3)
 *(.fini3)
 *(.fini2)
 *(.fini2)
 *(.fini1)
 *(.fini1)
 *(.fini0)
 .fini0         0x000000000000619a        0x4 /usr/lib/gcc/avr/4.5.3/avr5/libgcc.a(_exit.o)
 *(.fini0)
                0x000000000000619e                _etext = .

.data           0x0000000000800100       0x36 load address 0x000000000000619e
                0x0000000000800100                PROVIDE (__data_start, .)
 *(.data)
 .data          0x0000000000800100       0x20 serial.o
                0x0000000000800105                VirtualSerial_CDC_Interface
 .data          0x0000000000800120       0x16 protocol.o
 *(.data*)
 *(.rodata)
 *(.rodata*)
 *(.gnu.linkonce.d*)
                0x0000000000800136                . = ALIGN (0x2)
                0x0000000000800136                _edata = .
                0x0000000000800136                PROVIDE (__data_end, .)

.bss            0x0000000000800136      0x530
                0x0000000000800136                PROVIDE (__bss_start, .)
 *(.bss)
 .bss           0x0000000000800136       0x21 gcode.o
 .bss           0x0000000000800157        0x1 spindle_control.o
 .bss           0x0000000000800158       0x10 serial.o
                0x0000000000800158                connected
                0x0000000000800159                was_connected
 .bss           0x0000000000800168       0x34 protocol.o
 .bss           0x000000000080019c       0x29 stepper.o
 .bss           0x00000000008001c5      0x445 planner.o
 *(.bss*)
 *(COMMON)
 COMMON         0x000000000080060a       0x2a main.o
                0x000000000080060a                sys
 COMMON         0x0000000000800634       0x23 settings.o
                0x0000000000800634                settings
 COMMON         0x0000000000800657        0x3 deps/LUFA/Drivers/USB/Core/DeviceStandardReq.o
                0x0000000000800657                USB_Device_ConfigurationNumber
                0x0000000000800658                USB_Device_CurrentlySelfPowered
                0x0000000000800659                USB_Device_RemoteWakeupEnabled
 COMMON         0x000000000080065a        0xa deps/LUFA/Drivers/USB/Core/USBTask.o
                0x000000000080065a                USB_IsInitialized
                0x000000000080065b                USB_DeviceState
                0x000000000080065c                USB_ControlRequest
 COMMON         0x0000000000800664        0x2 /usr/lib/gcc/avr/4.5.3/../../../avr/lib/avr5/libc.a(errno.o)
                0x0000000000800664                errno
                0x0000000000800666                PROVIDE (__bss_end, .)
                0x000000000000619e                __data_load_start = LOADADDR (.data)
                0x00000000000061d4                __data_load_end = (__data_load_start + SIZEOF (.data))

.noinit         0x0000000000800666        0x0
                0x0000000000800666                PROVIDE (__noinit_start, .)
 *(.noinit*)
                0x0000000000800666                PROVIDE (__noinit_end, .)
                0x0000000000800666                _end = .
                0x0000000000800666                PROVIDE (__heap_start, .)

.eeprom         0x0000000000810000        0x0
 *(.eeprom*)
                0x0000000000810000                __eeprom_end = .

.fuse
 *(.fuse)
 *(.lfuse)
 *(.hfuse)
 *(.efuse)

.lock
 *(.lock*)

.signature
 *(.signature*)

.stab           0x0000000000000000     0x58a4
 *(.stab)
 .stab          0x0000000000000000      0x6cc /usr/lib/gcc/avr/4.5.3/../../../avr/lib/avr5/crtm32u4.o
 .stab          0x00000000000006cc       0x78 /usr/lib/gcc/avr/4.5.3/../../../avr/lib/avr5/libm.a(addsf3.o)
                                         0x84 (size before relaxing)
 .stab          0x0000000000000744      0x4bc /usr/lib/gcc/avr/4.5.3/../../../avr/lib/avr5/libm.a(addsf3x.o)
                                        0x4c8 (size before relaxing)
 .stab          0x0000000000000c00      0x2f4 /usr/lib/gcc/avr/4.5.3/../../../avr/lib/avr5/libm.a(atan2.o)
                                        0x300 (size before relaxing)
 .stab          0x0000000000000ef4      0x210 /usr/lib/gcc/avr/4.5.3/../../../avr/lib/avr5/libm.a(atan.o)
                                        0x21c (size before relaxing)
 .stab          0x0000000000001104      0x114 /usr/lib/gcc/avr/4.5.3/../../../avr/lib/avr5/libm.a(ceil.o)
                                        0x120 (size before relaxing)
 .stab          0x0000000000001218       0x90 /usr/lib/gcc/avr/4.5.3/../../../avr/lib/avr5/libm.a(cmpsf2.o)
                                         0x9c (size before relaxing)
 .stab          0x00000000000012a8       0x54 /usr/lib/gcc/avr/4.5.3/../../../avr/lib/avr5/libm.a(cos.o)
                                         0x60 (size before relaxing)
 .stab          0x00000000000012fc       0x48 /usr/lib/gcc/avr/4.5.3/../../../avr/lib/avr5/libm.a(divsf3.o)
                                         0x54 (size before relaxing)
 .stab          0x0000000000001344      0x510 /usr/lib/gcc/avr/4.5.3/../../../avr/lib/avr5/libm.a(divsf3x.o)
                                        0x51c (size before relaxing)
 .stab          0x0000000000001854       0x6c /usr/lib/gcc/avr/4.5.3/../../../avr/lib/avr5/libm.a(fixsfsi.o)
                                         0x78 (size before relaxing)
 .stab          0x00000000000018c0      0x240 /usr/lib/gcc/avr/4.5.3/../../../avr/lib/avr5/libm.a(fixunssfsi.o)
                                        0x24c (size before relaxing)
 .stab          0x0000000000001b00      0x318 /usr/lib/gcc/avr/4.5.3/../../../avr/lib/avr5/libm.a(floatsisf.o)
                                        0x324 (size before relaxing)
 .stab          0x0000000000001e18      0x114 /usr/lib/gcc/avr/4.5.3/../../../avr/lib/avr5/libm.a(floor.o)
                                        0x120 (size before relaxing)
 .stab          0x0000000000001f2c      0x1e0 /usr/lib/gcc/avr/4.5.3/../../../avr/lib/avr5/libm.a(fp_cmp.o)
                                        0x1ec (size before relaxing)
 .stab          0x000000000000210c       0x78 /usr/lib/gcc/avr/4.5.3/../../../avr/lib/avr5/libm.a(fp_inf.o)
                                         0x84 (size before relaxing)
 .stab          0x0000000000002184      0x174 /usr/lib/gcc/avr/4.5.3/../../../avr/lib/avr5/libm.a(fp_mintl.o)
                                        0x180 (size before relaxing)
 .stab          0x00000000000022f8       0xe4 /usr/lib/gcc/avr/4.5.3/../../../avr/lib/avr5/libm.a(fp_mpack.o)
                                         0xf0 (size before relaxing)
 .stab          0x00000000000023dc       0x54 /usr/lib/gcc/avr/4.5.3/../../../avr/lib/avr5/libm.a(fp_nan.o)
                                         0x60 (size before relaxing)
 .stab          0x0000000000002430      0x1ec /usr/lib/gcc/avr/4.5.3/../../../avr/lib/avr5/libm.a(fp_powser.o)
                                        0x1f8 (size before relaxing)
 .stab          0x000000000000261c       0x84 /usr/lib/gcc/avr/4.5.3/../../../avr/lib/avr5/libm.a(fp_pscA.o)
                                         0x90 (size before relaxing)
 .stab          0x00000000000026a0       0x84 /usr/lib/gcc/avr/4.5.3/../../../avr/lib/avr5/libm.a(fp_pscB.o)
                                         0x90 (size before relaxing)
 .stab          0x0000000000002724      0x21c /usr/lib/gcc/avr/4.5.3/../../../avr/lib/avr5/libm.a(fp_rempio2.o)
                                        0x228 (size before relaxing)
 .stab          0x0000000000002940       0xfc /usr/lib/gcc/avr/4.5.3/../../../avr/lib/avr5/libm.a(fp_round.o)
                                        0x108 (size before relaxing)
 .stab          0x0000000000002a3c       0xfc /usr/lib/gcc/avr/4.5.3/../../../avr/lib/avr5/libm.a(fp_sinus.o)
                                        0x108 (size before relaxing)
 .stab          0x0000000000002b38      0x1d4 /usr/lib/gcc/avr/4.5.3/../../../avr/lib/avr5/libm.a(fp_split3.o)
                                        0x1e0 (size before relaxing)
 .stab          0x0000000000002d0c      0x144 /usr/lib/gcc/avr/4.5.3/../../../avr/lib/avr5/libm.a(fp_trunc.o)
                                        0x150 (size before relaxing)
 .stab          0x0000000000002e50       0x90 /usr/lib/gcc/avr/4.5.3/../../../avr/lib/avr5/libm.a(fp_zero.o)
                                         0x9c (size before relaxing)
 .stab          0x0000000000002ee0       0x6c /usr/lib/gcc/avr/4.5.3/../../../avr/lib/avr5/libm.a(gesf2.o)
                                         0x78 (size before relaxing)
 .stab          0x0000000000002f4c      0x4c8 /usr/lib/gcc/avr/4.5.3/../../../avr/lib/avr5/libm.a(hypot.o)
                                        0x4d4 (size before relaxing)
 .stab          0x0000000000003414       0x84 /usr/lib/gcc/avr/4.5.3/../../../avr/lib/avr5/libm.a(inverse.o)
                                         0x90 (size before relaxing)
 .stab          0x0000000000003498      0x2c4 /usr/lib/gcc/avr/4.5.3/../../../avr/lib/avr5/libm.a(ldexp.o)
                                        0x2d0 (size before relaxing)
 .stab          0x000000000000375c      0x270 /usr/lib/gcc/avr/4.5.3/../../../avr/lib/avr5/libm.a(lround.o)
                                        0x27c (size before relaxing)
 .stab          0x00000000000039cc       0x48 /usr/lib/gcc/avr/4.5.3/../../../avr/lib/avr5/libm.a(mulsf3.o)
                                         0x54 (size before relaxing)
 .stab          0x0000000000003a14      0x4d4 /usr/lib/gcc/avr/4.5.3/../../../avr/lib/avr5/libm.a(mulsf3x.o)
                                        0x4e0 (size before relaxing)
 .stab          0x0000000000003ee8      0x1b0 /usr/lib/gcc/avr/4.5.3/../../../avr/lib/avr5/libm.a(round.o)
                                        0x1bc (size before relaxing)
 .stab          0x0000000000004098       0x78 /usr/lib/gcc/avr/4.5.3/../../../avr/lib/avr5/libm.a(sin.o)
                                         0x84 (size before relaxing)
 .stab          0x0000000000004110      0x354 /usr/lib/gcc/avr/4.5.3/../../../avr/lib/avr5/libm.a(sqrt.o)
                                        0x360 (size before relaxing)
 .stab          0x0000000000004464       0x54 /usr/lib/gcc/avr/4.5.3/../../../avr/lib/avr5/libm.a(square.o)
                                         0x60 (size before relaxing)
 .stab          0x00000000000044b8       0x84 /usr/lib/gcc/avr/4.5.3/../../../avr/lib/avr5/libm.a(trunc.o)
                                         0x90 (size before relaxing)
 .stab          0x000000000000453c       0x60 /usr/lib/gcc/avr/4.5.3/../../../avr/lib/avr5/libm.a(unordsf2.o)
                                         0x6c (size before relaxing)
 .stab          0x000000000000459c       0x84 /usr/lib/gcc/avr/4.5.3/../../../avr/lib/avr5/libm.a(fp_norm2.o)
                                         0x90 (size before relaxing)
 .stab          0x0000000000004620       0xfc /usr/lib/gcc/avr/4.5.3/../../../avr/lib/avr5/libm.a(fp_powsodd.o)
                                        0x108 (size before relaxing)
 .stab          0x000000000000471c      0x87c /usr/lib/gcc/avr/4.5.3/../../../avr/lib/avr5/libc.a(strtod.o)
                                        0x888 (size before relaxing)
 .stab          0x0000000000004f98       0x9c /usr/lib/gcc/avr/4.5.3/../../../avr/lib/avr5/libc.a(isspace.o)
                                         0xa8 (size before relaxing)
 .stab          0x0000000000005034       0x84 /usr/lib/gcc/avr/4.5.3/../../../avr/lib/avr5/libc.a(memcpy_P.o)
                                         0x90 (size before relaxing)
 .stab          0x00000000000050b8      0x138 /usr/lib/gcc/avr/4.5.3/../../../avr/lib/avr5/libc.a(strncasecmp_P.o)
                                        0x144 (size before relaxing)
 .stab          0x00000000000051f0       0xb4 /usr/lib/gcc/avr/4.5.3/../../../avr/lib/avr5/libc.a(memcmp.o)
                                         0xc0 (size before relaxing)
 .stab          0x00000000000052a4       0x84 /usr/lib/gcc/avr/4.5.3/../../../avr/lib/avr5/libc.a(memcpy.o)
                                         0x90 (size before relaxing)
 .stab          0x0000000000005328       0x6c /usr/lib/gcc/avr/4.5.3/../../../avr/lib/avr5/libc.a(memset.o)
                                         0x78 (size before relaxing)
 .stab          0x0000000000005394      0x21c /usr/lib/gcc/avr/4.5.3/../../../avr/lib/avr5/libc.a(fputc.o)
                                        0x3c0 (size before relaxing)
 .stab          0x00000000000055b0       0x90 /usr/lib/gcc/avr/4.5.3/../../../avr/lib/avr5/libc.a(eerd_byte_atmega32u4.o)
                                         0x9c (size before relaxing)
 .stab          0x0000000000005640      0x114 /usr/lib/gcc/avr/4.5.3/../../../avr/lib/avr5/libc.a(eeupd_byte_atmega32u4.o)
                                        0x120 (size before relaxing)
 .stab          0x0000000000005754       0xf0 /usr/lib/gcc/avr/4.5.3/../../../avr/lib/avr5/libc.a(errno.o)
                                         0xfc (size before relaxing)
 .stab          0x0000000000005844       0x60 /usr/lib/gcc/avr/4.5.3/../../../avr/lib/avr5/libc.a(cty_isfalse.o)
                                         0x6c (size before relaxing)

.stabstr        0x0000000000000000     0x14cc
 *(.stabstr)
 .stabstr       0x0000000000000000     0x14cc /usr/lib/gcc/avr/4.5.3/../../../avr/lib/avr5/crtm32u4.o

.stab.excl
 *(.stab.excl)

.stab.exclstr
 *(.stab.exclstr)

.stab.index
 *(.stab.index)

.stab.indexstr
 *(.stab.indexstr)

.comment
 *(.comment)

.debug
 *(.debug)

.line
 *(.line)

.debug_srcinfo
 *(.debug_srcinfo)

.debug_sfnames
 *(.debug_sfnames)

.debug_aranges  0x0000000000000000      0x7c8
 *(.debug_aranges)
 .debug_aranges
                0x0000000000000000       0x20 main.o
 .debug_aranges
                0x0000000000000020       0x38 motion_control.o
 .debug_aranges
                0x0000000000000058       0x48 gcode.o
 .debug_aranges
                0x00000000000000a0       0x30 spindle_control.o
 .debug_aranges
                0x00000000000000d0       0x50 serial.o
 .debug_aranges
                0x0000000000000120       0x48 protocol.o
 .debug_aranges
                0x0000000000000168       0x68 stepper.o
 .debug_aranges
                0x00000000000001d0       0x38 eeprom.o
 .debug_aranges
                0x0000000000000208       0x50 settings.o
 .debug_aranges
                0x0000000000000258       0x90 planner.o
 .debug_aranges
                0x00000000000002e8       0x30 nuts_bolts.o
 .debug_aranges
                0x0000000000000318       0x38 limits.o
 .debug_aranges
                0x0000000000000350       0x48 print.o
 .debug_aranges
                0x0000000000000398       0x20 config/Descriptors.o
 .debug_aranges
                0x00000000000003b8       0x20 deps/LUFA/Drivers/USB/Core/AVR8/Device_AVR8.o
 .debug_aranges
                0x00000000000003d8       0x40 deps/LUFA/Drivers/USB/Core/AVR8/Endpoint_AVR8.o
 .debug_aranges
                0x0000000000000418       0x30 deps/LUFA/Drivers/USB/Core/AVR8/USBController_AVR8.o
 .debug_aranges
                0x0000000000000448       0x38 deps/LUFA/Drivers/USB/Core/AVR8/USBInterrupt_AVR8.o
 .debug_aranges
                0x0000000000000480       0xc8 deps/LUFA/Drivers/USB/Core/AVR8/EndpointStream_AVR8.o
 .debug_aranges
                0x0000000000000548       0x38 deps/LUFA/Drivers/USB/Core/ConfigDescriptors.o
 .debug_aranges
                0x0000000000000580       0x20 deps/LUFA/Drivers/USB/Core/DeviceStandardReq.o
 .debug_aranges
                0x00000000000005a0       0x20 deps/LUFA/Drivers/USB/Core/Events.o
 .debug_aranges
                0x00000000000005c0       0x20 deps/LUFA/Drivers/USB/Core/USBTask.o
 .debug_aranges
                0x00000000000005e0       0x38 deps/LUFA/Drivers/USB/Class/Common/HIDParser.o
 .debug_aranges
                0x0000000000000618       0x30 deps/LUFA/Drivers/USB/Class/Device/AudioClassDevice.o
 .debug_aranges
                0x0000000000000648       0x98 deps/LUFA/Drivers/USB/Class/Device/CDCClassDevice.o
 .debug_aranges
                0x00000000000006e0       0x30 deps/LUFA/Drivers/USB/Class/Device/HIDClassDevice.o
 .debug_aranges
                0x0000000000000710       0x30 deps/LUFA/Drivers/USB/Class/Device/MassStorageClassDevice.o
 .debug_aranges
                0x0000000000000740       0x40 deps/LUFA/Drivers/USB/Class/Device/MIDIClassDevice.o
 .debug_aranges
                0x0000000000000780       0x48 deps/LUFA/Drivers/USB/Class/Device/RNDISClassDevice.o

.debug_pubnames
                0x0000000000000000     0x11e3
 *(.debug_pubnames)
 .debug_pubnames
                0x0000000000000000       0x23 main.o
 .debug_pubnames
                0x0000000000000023       0x45 motion_control.o
 .debug_pubnames
                0x0000000000000068       0x4e gcode.o
 .debug_pubnames
                0x00000000000000b6       0x44 spindle_control.o
 .debug_pubnames
                0x00000000000000fa      0x11a serial.o
 .debug_pubnames
                0x0000000000000214       0x8b protocol.o
 .debug_pubnames
                0x000000000000029f       0x98 stepper.o
 .debug_pubnames
                0x0000000000000337       0x82 eeprom.o
 .debug_pubnames
                0x00000000000003b9       0xb0 settings.o
 .debug_pubnames
                0x0000000000000469       0xef planner.o
 .debug_pubnames
                0x0000000000000558       0x3c nuts_bolts.o
 .debug_pubnames
                0x0000000000000594       0x35 limits.o
 .debug_pubnames
                0x00000000000005c9       0x6b print.o
 .debug_pubnames
                0x0000000000000634       0x9e config/Descriptors.o
 .debug_pubnames
                0x00000000000006d2       0x32 deps/LUFA/Drivers/USB/Core/AVR8/Device_AVR8.o
 .debug_pubnames
                0x0000000000000704       0xaf deps/LUFA/Drivers/USB/Core/AVR8/Endpoint_AVR8.o
 .debug_pubnames
                0x00000000000007b3       0x46 deps/LUFA/Drivers/USB/Core/AVR8/USBController_AVR8.o
 .debug_pubnames
                0x00000000000007f9       0x72 deps/LUFA/Drivers/USB/Core/AVR8/USBInterrupt_AVR8.o
 .debug_pubnames
                0x000000000000086b      0x2df deps/LUFA/Drivers/USB/Core/AVR8/EndpointStream_AVR8.o
 .debug_pubnames
                0x0000000000000b4a       0x9b deps/LUFA/Drivers/USB/Core/ConfigDescriptors.o
 .debug_pubnames
                0x0000000000000be5       0xa1 deps/LUFA/Drivers/USB/Core/DeviceStandardReq.o
 .debug_pubnames
                0x0000000000000c86       0x25 deps/LUFA/Drivers/USB/Core/Events.o
 .debug_pubnames
                0x0000000000000cab       0x63 deps/LUFA/Drivers/USB/Core/USBTask.o
 .debug_pubnames
                0x0000000000000d0e       0x7e deps/LUFA/Drivers/USB/Class/Common/HIDParser.o
 .debug_pubnames
                0x0000000000000d8c       0x79 deps/LUFA/Drivers/USB/Class/Device/AudioClassDevice.o
 .debug_pubnames
                0x0000000000000e05      0x18b deps/LUFA/Drivers/USB/Class/Device/CDCClassDevice.o
 .debug_pubnames
                0x0000000000000f90       0x70 deps/LUFA/Drivers/USB/Class/Device/HIDClassDevice.o
 .debug_pubnames
                0x0000000000001000       0x6d deps/LUFA/Drivers/USB/Class/Device/MassStorageClassDevice.o
 .debug_pubnames
                0x000000000000106d       0xa6 deps/LUFA/Drivers/USB/Class/Device/MIDIClassDevice.o
 .debug_pubnames
                0x0000000000001113       0xd0 deps/LUFA/Drivers/USB/Class/Device/RNDISClassDevice.o

.debug_info     0x0000000000000000     0xae32
 *(.debug_info)
 .debug_info    0x0000000000000000      0x1f9 main.o
 .debug_info    0x00000000000001f9      0x53b motion_control.o
 .debug_info    0x0000000000000734      0x62e gcode.o
 .debug_info    0x0000000000000d62       0xf0 spindle_control.o
 .debug_info    0x0000000000000e52      0x4dc serial.o
 .debug_info    0x000000000000132e      0x356 protocol.o
 .debug_info    0x0000000000001684      0x637 stepper.o
 .debug_info    0x0000000000001cbb      0x1c1 eeprom.o
 .debug_info    0x0000000000001e7c      0x25d settings.o
 .debug_info    0x00000000000020d9      0x9bf planner.o
 .debug_info    0x0000000000002a98      0x25f nuts_bolts.o
 .debug_info    0x0000000000002cf7      0x2b1 limits.o
 .debug_info    0x0000000000002fa8      0x240 print.o
 .debug_info    0x00000000000031e8      0x79c config/Descriptors.o
 .debug_info    0x0000000000003984       0xd8 deps/LUFA/Drivers/USB/Core/AVR8/Device_AVR8.o
 .debug_info    0x0000000000003a5c      0x622 deps/LUFA/Drivers/USB/Core/AVR8/Endpoint_AVR8.o
 .debug_info    0x000000000000407e       0x6c deps/LUFA/Drivers/USB/Core/AVR8/Host_AVR8.o
 .debug_info    0x00000000000040ea       0x6c deps/LUFA/Drivers/USB/Core/AVR8/Pipe_AVR8.o
 .debug_info    0x0000000000004156      0x496 deps/LUFA/Drivers/USB/Core/AVR8/USBController_AVR8.o
 .debug_info    0x00000000000045ec      0x715 deps/LUFA/Drivers/USB/Core/AVR8/USBInterrupt_AVR8.o
 .debug_info    0x0000000000004d01     0x156b deps/LUFA/Drivers/USB/Core/AVR8/EndpointStream_AVR8.o
 .debug_info    0x000000000000626c       0x6c deps/LUFA/Drivers/USB/Core/AVR8/PipeStream_AVR8.o
 .debug_info    0x00000000000062d8      0x38c deps/LUFA/Drivers/USB/Core/ConfigDescriptors.o
 .debug_info    0x0000000000006664      0x9d1 deps/LUFA/Drivers/USB/Core/DeviceStandardReq.o
 .debug_info    0x0000000000007035       0x85 deps/LUFA/Drivers/USB/Core/Events.o
 .debug_info    0x00000000000070ba        0x0 deps/LUFA/Drivers/USB/Core/HostStandardReq.o
 .debug_info    0x00000000000070ba      0x269 deps/LUFA/Drivers/USB/Core/USBTask.o
 .debug_info    0x0000000000007323      0x6f9 deps/LUFA/Drivers/USB/Class/Common/HIDParser.o
 .debug_info    0x0000000000007a1c      0x58b deps/LUFA/Drivers/USB/Class/Device/AudioClassDevice.o
 .debug_info    0x0000000000007fa7      0xc4e deps/LUFA/Drivers/USB/Class/Device/CDCClassDevice.o
 .debug_info    0x0000000000008bf5      0x699 deps/LUFA/Drivers/USB/Class/Device/HIDClassDevice.o
 .debug_info    0x000000000000928e      0x7e9 deps/LUFA/Drivers/USB/Class/Device/MassStorageClassDevice.o
 .debug_info    0x0000000000009a77      0x4e0 deps/LUFA/Drivers/USB/Class/Device/MIDIClassDevice.o
 .debug_info    0x0000000000009f57      0xedb deps/LUFA/Drivers/USB/Class/Device/RNDISClassDevice.o
 .debug_info    0x000000000000ae32        0x0 deps/LUFA/Drivers/USB/Class/Host/AndroidAccessoryClassHost.o
 .debug_info    0x000000000000ae32        0x0 deps/LUFA/Drivers/USB/Class/Host/AudioClassHost.o
 .debug_info    0x000000000000ae32        0x0 deps/LUFA/Drivers/USB/Class/Host/CDCClassHost.o
 .debug_info    0x000000000000ae32        0x0 deps/LUFA/Drivers/USB/Class/Host/HIDClassHost.o
 .debug_info    0x000000000000ae32        0x0 deps/LUFA/Drivers/USB/Class/Host/MassStorageClassHost.o
 .debug_info    0x000000000000ae32        0x0 deps/LUFA/Drivers/USB/Class/Host/MIDIClassHost.o
 .debug_info    0x000000000000ae32        0x0 deps/LUFA/Drivers/USB/Class/Host/PrinterClassHost.o
 .debug_info    0x000000000000ae32        0x0 deps/LUFA/Drivers/USB/Class/Host/RNDISClassHost.o
 .debug_info    0x000000000000ae32        0x0 deps/LUFA/Drivers/USB/Class/Host/StillImageClassHost.o
 *(.gnu.linkonce.wi.*)

.debug_abbrev   0x0000000000000000     0x2e52
 *(.debug_abbrev)
 .debug_abbrev  0x0000000000000000       0xf7 main.o
 .debug_abbrev  0x00000000000000f7      0x191 motion_control.o
 .debug_abbrev  0x0000000000000288      0x1cc gcode.o
 .debug_abbrev  0x0000000000000454       0x90 spindle_control.o
 .debug_abbrev  0x00000000000004e4      0x1ff serial.o
 .debug_abbrev  0x00000000000006e3      0x158 protocol.o
 .debug_abbrev  0x000000000000083b      0x23c stepper.o
 .debug_abbrev  0x0000000000000a77       0xb6 eeprom.o
 .debug_abbrev  0x0000000000000b2d      0x119 settings.o
 .debug_abbrev  0x0000000000000c46      0x27c planner.o
 .debug_abbrev  0x0000000000000ec2      0x137 nuts_bolts.o
 .debug_abbrev  0x0000000000000ff9      0x15b limits.o
 .debug_abbrev  0x0000000000001154       0xcc print.o
 .debug_abbrev  0x0000000000001220      0x15a config/Descriptors.o
 .debug_abbrev  0x000000000000137a       0x7d deps/LUFA/Drivers/USB/Core/AVR8/Device_AVR8.o
 .debug_abbrev  0x00000000000013f7      0x1f5 deps/LUFA/Drivers/USB/Core/AVR8/Endpoint_AVR8.o
 .debug_abbrev  0x00000000000015ec       0x2a deps/LUFA/Drivers/USB/Core/AVR8/Host_AVR8.o
 .debug_abbrev  0x0000000000001616       0x2a deps/LUFA/Drivers/USB/Core/AVR8/Pipe_AVR8.o
 .debug_abbrev  0x0000000000001640      0x12d deps/LUFA/Drivers/USB/Core/AVR8/USBController_AVR8.o
 .debug_abbrev  0x000000000000176d      0x1e9 deps/LUFA/Drivers/USB/Core/AVR8/USBInterrupt_AVR8.o
 .debug_abbrev  0x0000000000001956      0x192 deps/LUFA/Drivers/USB/Core/AVR8/EndpointStream_AVR8.o
 .debug_abbrev  0x0000000000001ae8       0x2a deps/LUFA/Drivers/USB/Core/AVR8/PipeStream_AVR8.o
 .debug_abbrev  0x0000000000001b12      0x148 deps/LUFA/Drivers/USB/Core/ConfigDescriptors.o
 .debug_abbrev  0x0000000000001c5a      0x212 deps/LUFA/Drivers/USB/Core/DeviceStandardReq.o
 .debug_abbrev  0x0000000000001e6c       0x41 deps/LUFA/Drivers/USB/Core/Events.o
 .debug_abbrev  0x0000000000001ead        0x1 deps/LUFA/Drivers/USB/Core/HostStandardReq.o
 .debug_abbrev  0x0000000000001eae      0x15c deps/LUFA/Drivers/USB/Core/USBTask.o
 .debug_abbrev  0x000000000000200a      0x1ec deps/LUFA/Drivers/USB/Class/Common/HIDParser.o
 .debug_abbrev  0x00000000000021f6      0x167 deps/LUFA/Drivers/USB/Class/Device/AudioClassDevice.o
 .debug_abbrev  0x000000000000235d      0x2ee deps/LUFA/Drivers/USB/Class/Device/CDCClassDevice.o
 .debug_abbrev  0x000000000000264b      0x1bc deps/LUFA/Drivers/USB/Class/Device/HIDClassDevice.o
 .debug_abbrev  0x0000000000002807      0x205 deps/LUFA/Drivers/USB/Class/Device/MassStorageClassDevice.o
 .debug_abbrev  0x0000000000002a0c      0x184 deps/LUFA/Drivers/USB/Class/Device/MIDIClassDevice.o
 .debug_abbrev  0x0000000000002b90      0x2b9 deps/LUFA/Drivers/USB/Class/Device/RNDISClassDevice.o
 .debug_abbrev  0x0000000000002e49        0x1 deps/LUFA/Drivers/USB/Class/Host/AndroidAccessoryClassHost.o
 .debug_abbrev  0x0000000000002e4a        0x1 deps/LUFA/Drivers/USB/Class/Host/AudioClassHost.o
 .debug_abbrev  0x0000000000002e4b        0x1 deps/LUFA/Drivers/USB/Class/Host/CDCClassHost.o
 .debug_abbrev  0x0000000000002e4c        0x1 deps/LUFA/Drivers/USB/Class/Host/HIDClassHost.o
 .debug_abbrev  0x0000000000002e4d        0x1 deps/LUFA/Drivers/USB/Class/Host/MassStorageClassHost.o
 .debug_abbrev  0x0000000000002e4e        0x1 deps/LUFA/Drivers/USB/Class/Host/MIDIClassHost.o
 .debug_abbrev  0x0000000000002e4f        0x1 deps/LUFA/Drivers/USB/Class/Host/PrinterClassHost.o
 .debug_abbrev  0x0000000000002e50        0x1 deps/LUFA/Drivers/USB/Class/Host/RNDISClassHost.o
 .debug_abbrev  0x0000000000002e51        0x1 deps/LUFA/Drivers/USB/Class/Host/StillImageClassHost.o

.debug_line     0x0000000000000000     0x943e
 *(.debug_line)
 .debug_line    0x0000000000000000      0x152 main.o
 .debug_line    0x0000000000000152      0x343 motion_control.o
 .debug_line    0x0000000000000495      0x896 gcode.o
 .debug_line    0x0000000000000d2b      0x139 spindle_control.o
 .debug_line    0x0000000000000e64      0x33f serial.o
 .debug_line    0x00000000000011a3      0x389 protocol.o
 .debug_line    0x000000000000152c      0x62b stepper.o
 .debug_line    0x0000000000001b57      0x252 eeprom.o
 .debug_line    0x0000000000001da9      0x392 settings.o
 .debug_line    0x000000000000213b      0x6fa planner.o
 .debug_line    0x0000000000002835      0x183 nuts_bolts.o
 .debug_line    0x00000000000029b8      0x1ba limits.o
 .debug_line    0x0000000000002b72      0x285 print.o
 .debug_line    0x0000000000002df7      0x1fe config/Descriptors.o
 .debug_line    0x0000000000002ff5      0x15d deps/LUFA/Drivers/USB/Core/AVR8/Device_AVR8.o
 .debug_line    0x0000000000003152      0x59b deps/LUFA/Drivers/USB/Core/AVR8/Endpoint_AVR8.o
 .debug_line    0x00000000000036ed       0x3e deps/LUFA/Drivers/USB/Core/AVR8/Host_AVR8.o
 .debug_line    0x000000000000372b       0x3e deps/LUFA/Drivers/USB/Core/AVR8/Pipe_AVR8.o
 .debug_line    0x0000000000003769      0x353 deps/LUFA/Drivers/USB/Core/AVR8/USBController_AVR8.o
 .debug_line    0x0000000000003abc      0x5ea deps/LUFA/Drivers/USB/Core/AVR8/USBInterrupt_AVR8.o
 .debug_line    0x00000000000040a6     0x1a7b deps/LUFA/Drivers/USB/Core/AVR8/EndpointStream_AVR8.o
 .debug_line    0x0000000000005b21       0x3e deps/LUFA/Drivers/USB/Core/AVR8/PipeStream_AVR8.o
 .debug_line    0x0000000000005b5f      0x267 deps/LUFA/Drivers/USB/Core/ConfigDescriptors.o
 .debug_line    0x0000000000005dc6      0x5ed deps/LUFA/Drivers/USB/Core/DeviceStandardReq.o
 .debug_line    0x00000000000063b3       0x7f deps/LUFA/Drivers/USB/Core/Events.o
 .debug_line    0x0000000000006432       0x24 deps/LUFA/Drivers/USB/Core/HostStandardReq.o
 .debug_line    0x0000000000006456      0x1b8 deps/LUFA/Drivers/USB/Core/USBTask.o
 .debug_line    0x000000000000660e      0x751 deps/LUFA/Drivers/USB/Class/Common/HIDParser.o
 .debug_line    0x0000000000006d5f      0x4b9 deps/LUFA/Drivers/USB/Class/Device/AudioClassDevice.o
 .debug_line    0x0000000000007218      0x9bd deps/LUFA/Drivers/USB/Class/Device/CDCClassDevice.o
 .debug_line    0x0000000000007bd5      0x5be deps/LUFA/Drivers/USB/Class/Device/HIDClassDevice.o
 .debug_line    0x0000000000008193      0x5c1 deps/LUFA/Drivers/USB/Class/Device/MassStorageClassDevice.o
 .debug_line    0x0000000000008754      0x413 deps/LUFA/Drivers/USB/Class/Device/MIDIClassDevice.o
 .debug_line    0x0000000000008b67      0x793 deps/LUFA/Drivers/USB/Class/Device/RNDISClassDevice.o
 .debug_line    0x00000000000092fa       0x24 deps/LUFA/Drivers/USB/Class/Host/AndroidAccessoryClassHost.o
 .debug_line    0x000000000000931e       0x24 deps/LUFA/Drivers/USB/Class/Host/AudioClassHost.o
 .debug_line    0x0000000000009342       0x24 deps/LUFA/Drivers/USB/Class/Host/CDCClassHost.o
 .debug_line    0x0000000000009366       0x24 deps/LUFA/Drivers/USB/Class/Host/HIDClassHost.o
 .debug_line    0x000000000000938a       0x24 deps/LUFA/Drivers/USB/Class/Host/MassStorageClassHost.o
 .debug_line    0x00000000000093ae       0x24 deps/LUFA/Drivers/USB/Class/Host/MIDIClassHost.o
 .debug_line    0x00000000000093d2       0x24 deps/LUFA/Drivers/USB/Class/Host/PrinterClassHost.o
 .debug_line    0x00000000000093f6       0x24 deps/LUFA/Drivers/USB/Class/Host/RNDISClassHost.o
 .debug_line    0x000000000000941a       0x24 deps/LUFA/Drivers/USB/Class/Host/StillImageClassHost.o

.debug_frame    0x0000000000000000      0xbd0
 *(.debug_frame)
 .debug_frame   0x0000000000000000       0x20 main.o
 .debug_frame   0x0000000000000020       0x50 motion_control.o
 .debug_frame   0x0000000000000070       0x70 gcode.o
 .debug_frame   0x00000000000000e0       0x40 spindle_control.o
 .debug_frame   0x0000000000000120       0x80 serial.o
 .debug_frame   0x00000000000001a0       0x70 protocol.o
 .debug_frame   0x0000000000000210       0xb0 stepper.o
 .debug_frame   0x00000000000002c0       0x50 eeprom.o
 .debug_frame   0x0000000000000310       0x80 settings.o
 .debug_frame   0x0000000000000390      0x100 planner.o
 .debug_frame   0x0000000000000490       0x40 nuts_bolts.o
 .debug_frame   0x00000000000004d0       0x50 limits.o
 .debug_frame   0x0000000000000520       0x70 print.o
 .debug_frame   0x0000000000000590       0x20 config/Descriptors.o
 .debug_frame   0x00000000000005b0       0x20 deps/LUFA/Drivers/USB/Core/AVR8/Device_AVR8.o
 .debug_frame   0x00000000000005d0       0x60 deps/LUFA/Drivers/USB/Core/AVR8/Endpoint_AVR8.o
 .debug_frame   0x0000000000000630       0x40 deps/LUFA/Drivers/USB/Core/AVR8/USBController_AVR8.o
 .debug_frame   0x0000000000000670       0x50 deps/LUFA/Drivers/USB/Core/AVR8/USBInterrupt_AVR8.o
 .debug_frame   0x00000000000006c0      0x170 deps/LUFA/Drivers/USB/Core/AVR8/EndpointStream_AVR8.o
 .debug_frame   0x0000000000000830       0x50 deps/LUFA/Drivers/USB/Core/ConfigDescriptors.o
 .debug_frame   0x0000000000000880       0x20 deps/LUFA/Drivers/USB/Core/DeviceStandardReq.o
 .debug_frame   0x00000000000008a0       0x20 deps/LUFA/Drivers/USB/Core/Events.o
 .debug_frame   0x00000000000008c0       0x20 deps/LUFA/Drivers/USB/Core/USBTask.o
 .debug_frame   0x00000000000008e0       0x50 deps/LUFA/Drivers/USB/Class/Common/HIDParser.o
 .debug_frame   0x0000000000000930       0x40 deps/LUFA/Drivers/USB/Class/Device/AudioClassDevice.o
 .debug_frame   0x0000000000000970      0x110 deps/LUFA/Drivers/USB/Class/Device/CDCClassDevice.o
 .debug_frame   0x0000000000000a80       0x40 deps/LUFA/Drivers/USB/Class/Device/HIDClassDevice.o
 .debug_frame   0x0000000000000ac0       0x40 deps/LUFA/Drivers/USB/Class/Device/MassStorageClassDevice.o
 .debug_frame   0x0000000000000b00       0x60 deps/LUFA/Drivers/USB/Class/Device/MIDIClassDevice.o
 .debug_frame   0x0000000000000b60       0x70 deps/LUFA/Drivers/USB/Class/Device/RNDISClassDevice.o

.debug_str      0x0000000000000000     0x43a8
 *(.debug_str)
 .debug_str     0x0000000000000000      0x103 main.o
                                        0x172 (size before relaxing)
 .debug_str     0x0000000000000103      0x20c motion_control.o
                                        0x369 (size before relaxing)
 .debug_str     0x000000000000030f      0x1c3 gcode.o
                                        0x3e5 (size before relaxing)
 .debug_str     0x00000000000004d2       0x4a spindle_control.o
                                         0xf6 (size before relaxing)
 .debug_str     0x000000000000051c      0x27a serial.o
                                        0x3cc (size before relaxing)
 .debug_str     0x0000000000000796       0xad protocol.o
                                        0x287 (size before relaxing)
 .debug_str     0x0000000000000843      0x275 stepper.o
                                        0x4c8 (size before relaxing)
 .debug_str     0x0000000000000ab8       0x9f eeprom.o
                                        0x152 (size before relaxing)
 .debug_str     0x0000000000000b57       0x92 settings.o
                                        0x1f6 (size before relaxing)
 .debug_str     0x0000000000000be9      0x35c planner.o
                                        0x643 (size before relaxing)
 .debug_str     0x0000000000000f45       0x28 nuts_bolts.o
                                        0x150 (size before relaxing)
 .debug_str     0x0000000000000f6d       0xda limits.o
                                        0x22d (size before relaxing)
 .debug_str     0x0000000000001047       0x87 print.o
                                        0x149 (size before relaxing)
 .debug_str     0x00000000000010ce      0x8bd config/Descriptors.o
                                        0x9ef (size before relaxing)
 .debug_str     0x000000000000198b       0x76 deps/LUFA/Drivers/USB/Core/AVR8/Device_AVR8.o
                                        0x11a (size before relaxing)
 .debug_str     0x0000000000001a01      0x431 deps/LUFA/Drivers/USB/Core/AVR8/Endpoint_AVR8.o
                                        0x53c (size before relaxing)
 .debug_str     0x0000000000001e32       0x2c deps/LUFA/Drivers/USB/Core/AVR8/Host_AVR8.o
                                         0xc2 (size before relaxing)
 .debug_str     0x0000000000001e5e       0x2c deps/LUFA/Drivers/USB/Core/AVR8/Pipe_AVR8.o
                                         0xc2 (size before relaxing)
 .debug_str     0x0000000000001e8a      0x24c deps/LUFA/Drivers/USB/Core/AVR8/USBController_AVR8.o
                                        0x424 (size before relaxing)
 .debug_str     0x00000000000020d6      0x13b deps/LUFA/Drivers/USB/Core/AVR8/USBInterrupt_AVR8.o
                                        0x41f (size before relaxing)
 .debug_str     0x0000000000002211      0x4fc deps/LUFA/Drivers/USB/Core/AVR8/EndpointStream_AVR8.o
                                        0x740 (size before relaxing)
 .debug_str     0x000000000000270d       0x32 deps/LUFA/Drivers/USB/Core/AVR8/PipeStream_AVR8.o
                                         0xc8 (size before relaxing)
 .debug_str     0x000000000000273f      0x226 deps/LUFA/Drivers/USB/Core/ConfigDescriptors.o
                                        0x302 (size before relaxing)
 .debug_str     0x0000000000002965      0x402 deps/LUFA/Drivers/USB/Core/DeviceStandardReq.o
                                        0x816 (size before relaxing)
 .debug_str     0x0000000000002d67       0x33 deps/LUFA/Drivers/USB/Core/Events.o
                                         0xc9 (size before relaxing)
 .debug_str     0x0000000000002d9a       0x4d deps/LUFA/Drivers/USB/Core/USBTask.o
                                        0x280 (size before relaxing)
 .debug_str     0x0000000000002de7      0x47b deps/LUFA/Drivers/USB/Class/Common/HIDParser.o
                                        0x5b7 (size before relaxing)
 .debug_str     0x0000000000003262      0x238 deps/LUFA/Drivers/USB/Class/Device/AudioClassDevice.o
                                        0x500 (size before relaxing)
 .debug_str     0x000000000000349a      0x2e8 deps/LUFA/Drivers/USB/Class/Device/CDCClassDevice.o
                                        0x8b4 (size before relaxing)
 .debug_str     0x0000000000003782      0x1ec deps/LUFA/Drivers/USB/Class/Device/HIDClassDevice.o
                                        0x52f (size before relaxing)
 .debug_str     0x000000000000396e      0x23c deps/LUFA/Drivers/USB/Class/Device/MassStorageClassDevice.o
                                        0x690 (size before relaxing)
 .debug_str     0x0000000000003baa      0x117 deps/LUFA/Drivers/USB/Class/Device/MIDIClassDevice.o
                                        0x517 (size before relaxing)
 .debug_str     0x0000000000003cc1      0x6e7 deps/LUFA/Drivers/USB/Class/Device/RNDISClassDevice.o
                                        0xbc8 (size before relaxing)

.debug_loc      0x0000000000000000     0x6462
 *(.debug_loc)
 .debug_loc     0x0000000000000000      0x957 motion_control.o
 .debug_loc     0x0000000000000957      0x6b4 gcode.o
 .debug_loc     0x000000000000100b       0x46 spindle_control.o
 .debug_loc     0x0000000000001051       0x53 serial.o
 .debug_loc     0x00000000000010a4       0xc5 protocol.o
 .debug_loc     0x0000000000001169      0x12c stepper.o
 .debug_loc     0x0000000000001295      0x2af eeprom.o
 .debug_loc     0x0000000000001544      0x118 settings.o
 .debug_loc     0x000000000000165c      0x79c planner.o
 .debug_loc     0x0000000000001df8      0x14a nuts_bolts.o
 .debug_loc     0x0000000000001f42       0xc8 limits.o
 .debug_loc     0x000000000000200a      0x2f8 print.o
 .debug_loc     0x0000000000002302       0xd3 config/Descriptors.o
 .debug_loc     0x00000000000023d5      0x39b deps/LUFA/Drivers/USB/Core/AVR8/Endpoint_AVR8.o
 .debug_loc     0x0000000000002770      0x1b8 deps/LUFA/Drivers/USB/Core/AVR8/USBInterrupt_AVR8.o
 .debug_loc     0x0000000000002928     0x1992 deps/LUFA/Drivers/USB/Core/AVR8/EndpointStream_AVR8.o
 .debug_loc     0x00000000000042ba      0x2bc deps/LUFA/Drivers/USB/Core/ConfigDescriptors.o
 .debug_loc     0x0000000000004576      0x25c deps/LUFA/Drivers/USB/Core/DeviceStandardReq.o
 .debug_loc     0x00000000000047d2       0x27 deps/LUFA/Drivers/USB/Core/USBTask.o
 .debug_loc     0x00000000000047f9      0x8de deps/LUFA/Drivers/USB/Class/Common/HIDParser.o
 .debug_loc     0x00000000000050d7      0x16d deps/LUFA/Drivers/USB/Class/Device/AudioClassDevice.o
 .debug_loc     0x0000000000005244      0x52b deps/LUFA/Drivers/USB/Class/Device/CDCClassDevice.o
 .debug_loc     0x000000000000576f      0x249 deps/LUFA/Drivers/USB/Class/Device/HIDClassDevice.o
 .debug_loc     0x00000000000059b8      0x152 deps/LUFA/Drivers/USB/Class/Device/MassStorageClassDevice.o
 .debug_loc     0x0000000000005b0a      0x1f6 deps/LUFA/Drivers/USB/Class/Device/MIDIClassDevice.o
 .debug_loc     0x0000000000005d00      0x762 deps/LUFA/Drivers/USB/Class/Device/RNDISClassDevice.o

.debug_macinfo
 *(.debug_macinfo)
OUTPUT(grbl.elf elf32-avr)
LOAD linker stubs

.debug_pubtypes
                0x0000000000000000     0x1311
 .debug_pubtypes
                0x0000000000000000       0x37 main.o
 .debug_pubtypes
                0x0000000000000037       0x6b motion_control.o
 .debug_pubtypes
                0x00000000000000a2       0x7d gcode.o
 .debug_pubtypes
                0x000000000000011f       0x2b spindle_control.o
 .debug_pubtypes
                0x000000000000014a       0xa2 serial.o
 .debug_pubtypes
                0x00000000000001ec       0x46 protocol.o
 .debug_pubtypes
                0x0000000000000232       0x7a stepper.o
 .debug_pubtypes
                0x00000000000002ac       0x2b eeprom.o
 .debug_pubtypes
                0x00000000000002d7       0x2d settings.o
 .debug_pubtypes
                0x0000000000000304       0x6d planner.o
 .debug_pubtypes
                0x0000000000000371       0x38 nuts_bolts.o
 .debug_pubtypes
                0x00000000000003a9       0x3a limits.o
 .debug_pubtypes
                0x00000000000003e3       0x2b print.o
 .debug_pubtypes
                0x000000000000040e      0x1f1 config/Descriptors.o
 .debug_pubtypes
                0x00000000000005ff       0x1e deps/LUFA/Drivers/USB/Core/AVR8/Device_AVR8.o
 .debug_pubtypes
                0x000000000000061d       0x9e deps/LUFA/Drivers/USB/Core/AVR8/Endpoint_AVR8.o
 .debug_pubtypes
                0x00000000000006bb       0x12 deps/LUFA/Drivers/USB/Core/AVR8/Host_AVR8.o
 .debug_pubtypes
                0x00000000000006cd       0x12 deps/LUFA/Drivers/USB/Core/AVR8/Pipe_AVR8.o
 .debug_pubtypes
                0x00000000000006df       0x68 deps/LUFA/Drivers/USB/Core/AVR8/USBController_AVR8.o
 .debug_pubtypes
                0x0000000000000747       0x58 deps/LUFA/Drivers/USB/Core/AVR8/USBInterrupt_AVR8.o
 .debug_pubtypes
                0x000000000000079f       0xab deps/LUFA/Drivers/USB/Core/AVR8/EndpointStream_AVR8.o
 .debug_pubtypes
                0x000000000000084a       0x12 deps/LUFA/Drivers/USB/Core/AVR8/PipeStream_AVR8.o
 .debug_pubtypes
                0x000000000000085c       0xb4 deps/LUFA/Drivers/USB/Core/ConfigDescriptors.o
 .debug_pubtypes
                0x0000000000000910       0xd7 deps/LUFA/Drivers/USB/Core/DeviceStandardReq.o
 .debug_pubtypes
                0x00000000000009e7       0x12 deps/LUFA/Drivers/USB/Core/Events.o
 .debug_pubtypes
                0x00000000000009f9       0x5c deps/LUFA/Drivers/USB/Core/USBTask.o
 .debug_pubtypes
                0x0000000000000a55      0x145 deps/LUFA/Drivers/USB/Class/Common/HIDParser.o
 .debug_pubtypes
                0x0000000000000b9a       0xb2 deps/LUFA/Drivers/USB/Class/Device/AudioClassDevice.o
 .debug_pubtypes
                0x0000000000000c4c      0x151 deps/LUFA/Drivers/USB/Class/Device/CDCClassDevice.o
 .debug_pubtypes
                0x0000000000000d9d       0xc6 deps/LUFA/Drivers/USB/Class/Device/HIDClassDevice.o
 .debug_pubtypes
                0x0000000000000e63      0x132 deps/LUFA/Drivers/USB/Class/Device/MassStorageClassDevice.o
 .debug_pubtypes
                0x0000000000000f95       0xe0 deps/LUFA/Drivers/USB/Class/Device/MIDIClassDevice.o
 .debug_pubtypes
                0x0000000000001075      0x29c deps/LUFA/Drivers/USB/Class/Device/RNDISClassDevice.o

.debug_ranges   0x0000000000000000      0x9f0
 .debug_ranges  0x0000000000000000       0x10 main.o
 .debug_ranges  0x0000000000000010       0x28 motion_control.o
 .debug_ranges  0x0000000000000038       0x98 gcode.o
 .debug_ranges  0x00000000000000d0       0x20 spindle_control.o
 .debug_ranges  0x00000000000000f0       0x40 serial.o
 .debug_ranges  0x0000000000000130       0x38 protocol.o
 .debug_ranges  0x0000000000000168       0x58 stepper.o
 .debug_ranges  0x00000000000001c0       0x28 eeprom.o
 .debug_ranges  0x00000000000001e8       0x40 settings.o
 .debug_ranges  0x0000000000000228       0xb0 planner.o
 .debug_ranges  0x00000000000002d8       0x20 nuts_bolts.o
 .debug_ranges  0x00000000000002f8       0x28 limits.o
 .debug_ranges  0x0000000000000320       0x38 print.o
 .debug_ranges  0x0000000000000358       0x10 config/Descriptors.o
 .debug_ranges  0x0000000000000368       0x10 deps/LUFA/Drivers/USB/Core/AVR8/Device_AVR8.o
 .debug_ranges  0x0000000000000378       0xa8 deps/LUFA/Drivers/USB/Core/AVR8/Endpoint_AVR8.o
 .debug_ranges  0x0000000000000420       0x20 deps/LUFA/Drivers/USB/Core/AVR8/USBController_AVR8.o
 .debug_ranges  0x0000000000000440       0x28 deps/LUFA/Drivers/USB/Core/AVR8/USBInterrupt_AVR8.o
 .debug_ranges  0x0000000000000468      0x298 deps/LUFA/Drivers/USB/Core/AVR8/EndpointStream_AVR8.o
 .debug_ranges  0x0000000000000700       0x28 deps/LUFA/Drivers/USB/Core/ConfigDescriptors.o
 .debug_ranges  0x0000000000000728       0x10 deps/LUFA/Drivers/USB/Core/DeviceStandardReq.o
 .debug_ranges  0x0000000000000738       0x10 deps/LUFA/Drivers/USB/Core/Events.o
 .debug_ranges  0x0000000000000748       0x10 deps/LUFA/Drivers/USB/Core/USBTask.o
 .debug_ranges  0x0000000000000758      0x100 deps/LUFA/Drivers/USB/Class/Common/HIDParser.o
 .debug_ranges  0x0000000000000858       0x20 deps/LUFA/Drivers/USB/Class/Device/AudioClassDevice.o
 .debug_ranges  0x0000000000000878       0x88 deps/LUFA/Drivers/USB/Class/Device/CDCClassDevice.o
 .debug_ranges  0x0000000000000900       0x20 deps/LUFA/Drivers/USB/Class/Device/HIDClassDevice.o
 .debug_ranges  0x0000000000000920       0x20 deps/LUFA/Drivers/USB/Class/Device/MassStorageClassDevice.o
 .debug_ranges  0x0000000000000940       0x30 deps/LUFA/Drivers/USB/Class/Device/MIDIClassDevice.o
 .debug_ranges  0x0000000000000970       0x80 deps/LUFA/Drivers/USB/Class/Device/RNDISClassDevice.o

Cross Reference Table

Symbol                                            File
Audio_Device_ConfigureEndpoints                   deps/LUFA/Drivers/USB/Class/Device/AudioClassDevice.o
Audio_Device_Event_Stub                           deps/LUFA/Drivers/USB/Class/Device/AudioClassDevice.o
Audio_Device_ProcessControlRequest                deps/LUFA/Drivers/USB/Class/Device/AudioClassDevice.o
CALLBACK_Audio_Device_GetSetEndpointProperty      deps/LUFA/Drivers/USB/Class/Device/AudioClassDevice.o
CALLBACK_Audio_Device_GetSetInterfaceProperty     deps/LUFA/Drivers/USB/Class/Device/AudioClassDevice.o
CALLBACK_HIDParser_FilterHIDReportItem            deps/LUFA/Drivers/USB/Class/Common/HIDParser.o
CALLBACK_HID_Device_CreateHIDReport               deps/LUFA/Drivers/USB/Class/Device/HIDClassDevice.o
CALLBACK_HID_Device_ProcessHIDReport              deps/LUFA/Drivers/USB/Class/Device/HIDClassDevice.o
CALLBACK_MS_Device_SCSICommandReceived            deps/LUFA/Drivers/USB/Class/Device/MassStorageClassDevice.o
CALLBACK_USB_GetDescriptor                        config/Descriptors.o
                                                  deps/LUFA/Drivers/USB/Core/DeviceStandardReq.o
CDC_Device_BytesReceived                          deps/LUFA/Drivers/USB/Class/Device/CDCClassDevice.o
                                                  serial.o
CDC_Device_ConfigureEndpoints                     deps/LUFA/Drivers/USB/Class/Device/CDCClassDevice.o
                                                  serial.o
CDC_Device_CreateBlockingStream                   deps/LUFA/Drivers/USB/Class/Device/CDCClassDevice.o
CDC_Device_CreateStream                           deps/LUFA/Drivers/USB/Class/Device/CDCClassDevice.o
                                                  serial.o
CDC_Device_Event_Stub                             deps/LUFA/Drivers/USB/Class/Device/CDCClassDevice.o
CDC_Device_Flush                                  deps/LUFA/Drivers/USB/Class/Device/CDCClassDevice.o
                                                  serial.o
CDC_Device_ProcessControlRequest                  deps/LUFA/Drivers/USB/Class/Device/CDCClassDevice.o
                                                  serial.o
CDC_Device_ReceiveByte                            deps/LUFA/Drivers/USB/Class/Device/CDCClassDevice.o
                                                  serial.o
CDC_Device_SendByte                               deps/LUFA/Drivers/USB/Class/Device/CDCClassDevice.o
CDC_Device_SendControlLineStateChange             deps/LUFA/Drivers/USB/Class/Device/CDCClassDevice.o
CDC_Device_SendData                               deps/LUFA/Drivers/USB/Class/Device/CDCClassDevice.o
CDC_Device_SendString                             deps/LUFA/Drivers/USB/Class/Device/CDCClassDevice.o
CDC_Device_USBTask                                deps/LUFA/Drivers/USB/Class/Device/CDCClassDevice.o
                                                  serial.o
ConfigurationDescriptor                           config/Descriptors.o
DeviceDescriptor                                  config/Descriptors.o
EVENT_Audio_Device_StreamStartStop                deps/LUFA/Drivers/USB/Class/Device/AudioClassDevice.o
EVENT_CDC_Device_BreakSent                        deps/LUFA/Drivers/USB/Class/Device/CDCClassDevice.o
EVENT_CDC_Device_ControLineStateChanged           serial.o
EVENT_CDC_Device_LineEncodingChanged              deps/LUFA/Drivers/USB/Class/Device/CDCClassDevice.o
EVENT_USB_Device_ConfigurationChanged             serial.o
                                                  deps/LUFA/Drivers/USB/Core/DeviceStandardReq.o
EVENT_USB_Device_Connect                          deps/LUFA/Drivers/USB/Core/Events.o
                                                  deps/LUFA/Drivers/USB/Core/AVR8/USBInterrupt_AVR8.o
EVENT_USB_Device_ControlRequest                   serial.o
                                                  deps/LUFA/Drivers/USB/Core/DeviceStandardReq.o
EVENT_USB_Device_Disconnect                       deps/LUFA/Drivers/USB/Core/Events.o
                                                  deps/LUFA/Drivers/USB/Core/AVR8/USBInterrupt_AVR8.o
EVENT_USB_Device_Reset                            deps/LUFA/Drivers/USB/Core/Events.o
                                                  deps/LUFA/Drivers/USB/Core/AVR8/USBInterrupt_AVR8.o
EVENT_USB_Device_StartOfFrame                     deps/LUFA/Drivers/USB/Core/Events.o
                                                  deps/LUFA/Drivers/USB/Core/AVR8/USBInterrupt_AVR8.o
EVENT_USB_Device_Suspend                          deps/LUFA/Drivers/USB/Core/Events.o
                                                  deps/LUFA/Drivers/USB/Core/AVR8/USBInterrupt_AVR8.o
EVENT_USB_Device_WakeUp                           deps/LUFA/Drivers/USB/Core/Events.o
                                                  deps/LUFA/Drivers/USB/Core/AVR8/USBInterrupt_AVR8.o
Endpoint_ClearEndpoints                           deps/LUFA/Drivers/USB/Core/AVR8/Endpoint_AVR8.o
Endpoint_ClearStatusStage                         deps/LUFA/Drivers/USB/Core/AVR8/Endpoint_AVR8.o
                                                  deps/LUFA/Drivers/USB/Class/Device/MassStorageClassDevice.o
                                                  deps/LUFA/Drivers/USB/Class/Device/HIDClassDevice.o
                                                  deps/LUFA/Drivers/USB/Class/Device/CDCClassDevice.o
                                                  deps/LUFA/Drivers/USB/Class/Device/AudioClassDevice.o
                                                  deps/LUFA/Drivers/USB/Core/DeviceStandardReq.o
Endpoint_ConfigureEndpointTable                   deps/LUFA/Drivers/USB/Core/AVR8/Endpoint_AVR8.o
                                                  deps/LUFA/Drivers/USB/Class/Device/RNDISClassDevice.o
                                                  deps/LUFA/Drivers/USB/Class/Device/MIDIClassDevice.o
                                                  deps/LUFA/Drivers/USB/Class/Device/MassStorageClassDevice.o
                                                  deps/LUFA/Drivers/USB/Class/Device/HIDClassDevice.o
                                                  deps/LUFA/Drivers/USB/Class/Device/CDCClassDevice.o
                                                  deps/LUFA/Drivers/USB/Class/Device/AudioClassDevice.o
Endpoint_ConfigureEndpoint_Prv                    deps/LUFA/Drivers/USB/Core/AVR8/Endpoint_AVR8.o
                                                  deps/LUFA/Drivers/USB/Core/AVR8/USBInterrupt_AVR8.o
                                                  deps/LUFA/Drivers/USB/Core/AVR8/USBController_AVR8.o
Endpoint_Discard_Stream                           deps/LUFA/Drivers/USB/Core/AVR8/EndpointStream_AVR8.o
Endpoint_Null_Stream                              deps/LUFA/Drivers/USB/Core/AVR8/EndpointStream_AVR8.o
Endpoint_Read_Control_EStream_BE                  deps/LUFA/Drivers/USB/Core/AVR8/EndpointStream_AVR8.o
Endpoint_Read_Control_EStream_LE                  deps/LUFA/Drivers/USB/Core/AVR8/EndpointStream_AVR8.o
Endpoint_Read_Control_Stream_BE                   deps/LUFA/Drivers/USB/Core/AVR8/EndpointStream_AVR8.o
Endpoint_Read_Control_Stream_LE                   deps/LUFA/Drivers/USB/Core/AVR8/EndpointStream_AVR8.o
                                                  deps/LUFA/Drivers/USB/Class/Device/RNDISClassDevice.o
                                                  deps/LUFA/Drivers/USB/Class/Device/HIDClassDevice.o
                                                  deps/LUFA/Drivers/USB/Class/Device/AudioClassDevice.o
Endpoint_Read_EStream_BE                          deps/LUFA/Drivers/USB/Core/AVR8/EndpointStream_AVR8.o
Endpoint_Read_EStream_LE                          deps/LUFA/Drivers/USB/Core/AVR8/EndpointStream_AVR8.o
Endpoint_Read_Stream_BE                           deps/LUFA/Drivers/USB/Core/AVR8/EndpointStream_AVR8.o
Endpoint_Read_Stream_LE                           deps/LUFA/Drivers/USB/Core/AVR8/EndpointStream_AVR8.o
                                                  deps/LUFA/Drivers/USB/Class/Device/RNDISClassDevice.o
                                                  deps/LUFA/Drivers/USB/Class/Device/MIDIClassDevice.o
                                                  deps/LUFA/Drivers/USB/Class/Device/MassStorageClassDevice.o
Endpoint_WaitUntilReady                           deps/LUFA/Drivers/USB/Core/AVR8/Endpoint_AVR8.o
                                                  deps/LUFA/Drivers/USB/Class/Device/RNDISClassDevice.o
                                                  deps/LUFA/Drivers/USB/Class/Device/MIDIClassDevice.o
                                                  deps/LUFA/Drivers/USB/Class/Device/CDCClassDevice.o
                                                  deps/LUFA/Drivers/USB/Core/AVR8/EndpointStream_AVR8.o
Endpoint_Write_Control_EStream_BE                 deps/LUFA/Drivers/USB/Core/AVR8/EndpointStream_AVR8.o
Endpoint_Write_Control_EStream_LE                 deps/LUFA/Drivers/USB/Core/AVR8/EndpointStream_AVR8.o
Endpoint_Write_Control_PStream_BE                 deps/LUFA/Drivers/USB/Core/AVR8/EndpointStream_AVR8.o
Endpoint_Write_Control_PStream_LE                 deps/LUFA/Drivers/USB/Core/AVR8/EndpointStream_AVR8.o
                                                  deps/LUFA/Drivers/USB/Core/DeviceStandardReq.o
Endpoint_Write_Control_Stream_BE                  deps/LUFA/Drivers/USB/Core/AVR8/EndpointStream_AVR8.o
Endpoint_Write_Control_Stream_LE                  deps/LUFA/Drivers/USB/Core/AVR8/EndpointStream_AVR8.o
                                                  deps/LUFA/Drivers/USB/Class/Device/RNDISClassDevice.o
                                                  deps/LUFA/Drivers/USB/Class/Device/HIDClassDevice.o
                                                  deps/LUFA/Drivers/USB/Class/Device/AudioClassDevice.o
                                                  deps/LUFA/Drivers/USB/Core/DeviceStandardReq.o
Endpoint_Write_EStream_BE                         deps/LUFA/Drivers/USB/Core/AVR8/EndpointStream_AVR8.o
Endpoint_Write_EStream_LE                         deps/LUFA/Drivers/USB/Core/AVR8/EndpointStream_AVR8.o
Endpoint_Write_PStream_BE                         deps/LUFA/Drivers/USB/Core/AVR8/EndpointStream_AVR8.o
Endpoint_Write_PStream_LE                         deps/LUFA/Drivers/USB/Core/AVR8/EndpointStream_AVR8.o
Endpoint_Write_Stream_BE                          deps/LUFA/Drivers/USB/Core/AVR8/EndpointStream_AVR8.o
Endpoint_Write_Stream_LE                          deps/LUFA/Drivers/USB/Core/AVR8/EndpointStream_AVR8.o
                                                  deps/LUFA/Drivers/USB/Class/Device/RNDISClassDevice.o
                                                  deps/LUFA/Drivers/USB/Class/Device/MIDIClassDevice.o
                                                  deps/LUFA/Drivers/USB/Class/Device/MassStorageClassDevice.o
                                                  deps/LUFA/Drivers/USB/Class/Device/HIDClassDevice.o
                                                  deps/LUFA/Drivers/USB/Class/Device/CDCClassDevice.o
HID_Device_ConfigureEndpoints                     deps/LUFA/Drivers/USB/Class/Device/HIDClassDevice.o
HID_Device_ProcessControlRequest                  deps/LUFA/Drivers/USB/Class/Device/HIDClassDevice.o
HID_Device_USBTask                                deps/LUFA/Drivers/USB/Class/Device/HIDClassDevice.o
LanguageString                                    config/Descriptors.o
MIDI_Device_ConfigureEndpoints                    deps/LUFA/Drivers/USB/Class/Device/MIDIClassDevice.o
MIDI_Device_Flush                                 deps/LUFA/Drivers/USB/Class/Device/MIDIClassDevice.o
MIDI_Device_ReceiveEventPacket                    deps/LUFA/Drivers/USB/Class/Device/MIDIClassDevice.o
MIDI_Device_SendEventPacket                       deps/LUFA/Drivers/USB/Class/Device/MIDIClassDevice.o
MIDI_Device_USBTask                               deps/LUFA/Drivers/USB/Class/Device/MIDIClassDevice.o
MS_Device_ConfigureEndpoints                      deps/LUFA/Drivers/USB/Class/Device/MassStorageClassDevice.o
MS_Device_ProcessControlRequest                   deps/LUFA/Drivers/USB/Class/Device/MassStorageClassDevice.o
MS_Device_USBTask                                 deps/LUFA/Drivers/USB/Class/Device/MassStorageClassDevice.o
ManufacturerString                                config/Descriptors.o
ProductString                                     config/Descriptors.o
RNDIS_Device_ConfigureEndpoints                   deps/LUFA/Drivers/USB/Class/Device/RNDISClassDevice.o
RNDIS_Device_IsPacketReceived                     deps/LUFA/Drivers/USB/Class/Device/RNDISClassDevice.o
RNDIS_Device_ProcessControlRequest                deps/LUFA/Drivers/USB/Class/Device/RNDISClassDevice.o
RNDIS_Device_ReadPacket                           deps/LUFA/Drivers/USB/Class/Device/RNDISClassDevice.o
RNDIS_Device_SendPacket                           deps/LUFA/Drivers/USB/Class/Device/RNDISClassDevice.o
RNDIS_Device_USBTask                              deps/LUFA/Drivers/USB/Class/Device/RNDISClassDevice.o
USB_ControlRequest                                deps/LUFA/Drivers/USB/Class/Device/RNDISClassDevice.o
                                                  deps/LUFA/Drivers/USB/Class/Device/MassStorageClassDevice.o
                                                  deps/LUFA/Drivers/USB/Class/Device/HIDClassDevice.o
                                                  deps/LUFA/Drivers/USB/Class/Device/CDCClassDevice.o
                                                  deps/LUFA/Drivers/USB/Class/Device/AudioClassDevice.o
                                                  deps/LUFA/Drivers/USB/Core/USBTask.o
                                                  deps/LUFA/Drivers/USB/Core/DeviceStandardReq.o